[2021-09-05T10:20:13.646+0900][gc,heap] Heap region size: 1M
[2021-09-05T10:20:13.653+0900][gc     ] Using G1
[2021-09-05T10:20:13.653+0900][gc,heap,coops] Heap address: 0x00000007c0000000, size: 1024 MB, Compressed Oops mode: Zero based, Oop shift amount: 3
[2021-09-05T10:20:14.828+0900][gc,start     ] GC(0) Pause Young (Concurrent Start) (Metadata GC Threshold)
[2021-09-05T10:20:14.828+0900][gc,task      ] GC(0) Using 8 workers of 8 for evacuation
[2021-09-05T10:20:14.840+0900][gc,phases    ] GC(0)   Pre Evacuate Collection Set: 0.0ms
[2021-09-05T10:20:14.840+0900][gc,phases    ] GC(0)   Evacuate Collection Set: 11.2ms
[2021-09-05T10:20:14.840+0900][gc,phases    ] GC(0)   Post Evacuate Collection Set: 0.4ms
[2021-09-05T10:20:14.840+0900][gc,phases    ] GC(0)   Other: 0.6ms
[2021-09-05T10:20:14.840+0900][gc,heap      ] GC(0) Eden regions: 42->0(44)
[2021-09-05T10:20:14.840+0900][gc,heap      ] GC(0) Survivor regions: 0->7(7)
[2021-09-05T10:20:14.840+0900][gc,heap      ] GC(0) Old regions: 0->0
[2021-09-05T10:20:14.840+0900][gc,heap      ] GC(0) Humongous regions: 0->0
[2021-09-05T10:20:14.840+0900][gc,metaspace ] GC(0) Metaspace: 20714K->20714K(1069056K)
[2021-09-05T10:20:14.840+0900][gc           ] GC(0) Pause Young (Concurrent Start) (Metadata GC Threshold) 41M->6M(1024M) 12.409ms
[2021-09-05T10:20:14.840+0900][gc,cpu       ] GC(0) User=0.03s Sys=0.01s Real=0.02s
[2021-09-05T10:20:14.840+0900][gc           ] GC(1) Concurrent Cycle
[2021-09-05T10:20:14.840+0900][gc,marking   ] GC(1) Concurrent Clear Claimed Marks
[2021-09-05T10:20:14.840+0900][gc,marking   ] GC(1) Concurrent Clear Claimed Marks 0.111ms
[2021-09-05T10:20:14.840+0900][gc,marking   ] GC(1) Concurrent Scan Root Regions
[2021-09-05T10:20:14.842+0900][gc,marking   ] GC(1) Concurrent Scan Root Regions 1.785ms
[2021-09-05T10:20:14.842+0900][gc,marking   ] GC(1) Concurrent Mark (1.205s)
[2021-09-05T10:20:14.842+0900][gc,marking   ] GC(1) Concurrent Mark From Roots
[2021-09-05T10:20:14.842+0900][gc,task      ] GC(1) Using 2 workers of 2 for marking
[2021-09-05T10:20:14.842+0900][gc,marking   ] GC(1) Concurrent Mark From Roots 0.148ms
[2021-09-05T10:20:14.842+0900][gc,marking   ] GC(1) Concurrent Preclean
[2021-09-05T10:20:14.842+0900][gc,marking   ] GC(1) Concurrent Preclean 0.023ms
[2021-09-05T10:20:14.842+0900][gc,marking   ] GC(1) Concurrent Mark (1.205s, 1.205s) 0.198ms
[2021-09-05T10:20:14.843+0900][gc,start     ] GC(1) Pause Remark
[2021-09-05T10:20:14.847+0900][gc,stringtable] GC(1) Cleaned string and symbol table, strings: 7217 processed, 0 removed, symbols: 63406 processed, 31 removed
[2021-09-05T10:20:14.847+0900][gc            ] GC(1) Pause Remark 7M->7M(1024M) 4.506ms
[2021-09-05T10:20:14.847+0900][gc,cpu        ] GC(1) User=0.00s Sys=0.01s Real=0.00s
[2021-09-05T10:20:14.847+0900][gc,marking    ] GC(1) Concurrent Rebuild Remembered Sets
[2021-09-05T10:20:14.847+0900][gc,marking    ] GC(1) Concurrent Rebuild Remembered Sets 0.047ms
[2021-09-05T10:20:14.848+0900][gc,start      ] GC(1) Pause Cleanup
[2021-09-05T10:20:14.848+0900][gc            ] GC(1) Pause Cleanup 7M->7M(1024M) 0.099ms
[2021-09-05T10:20:14.848+0900][gc,cpu        ] GC(1) User=0.00s Sys=0.00s Real=0.00s
[2021-09-05T10:20:14.848+0900][gc,marking    ] GC(1) Concurrent Cleanup for Next Mark
[2021-09-05T10:20:14.852+0900][gc,marking    ] GC(1) Concurrent Cleanup for Next Mark 4.032ms
[2021-09-05T10:20:14.852+0900][gc            ] GC(1) Concurrent Cycle 12.035ms
[2021-09-05T10:20:16.158+0900][gc,start      ] GC(2) Pause Young (Normal) (G1 Evacuation Pause)
[2021-09-05T10:20:16.158+0900][gc,task       ] GC(2) Using 8 workers of 8 for evacuation
[2021-09-05T10:20:16.172+0900][gc,phases     ] GC(2)   Pre Evacuate Collection Set: 0.0ms
[2021-09-05T10:20:16.172+0900][gc,phases     ] GC(2)   Evacuate Collection Set: 13.1ms
[2021-09-05T10:20:16.172+0900][gc,phases     ] GC(2)   Post Evacuate Collection Set: 0.4ms
[2021-09-05T10:20:16.172+0900][gc,phases     ] GC(2)   Other: 0.1ms
[2021-09-05T10:20:16.172+0900][gc,heap       ] GC(2) Eden regions: 44->0(48)
[2021-09-05T10:20:16.172+0900][gc,heap       ] GC(2) Survivor regions: 7->3(7)
[2021-09-05T10:20:16.172+0900][gc,heap       ] GC(2) Old regions: 0->7
[2021-09-05T10:20:16.172+0900][gc,heap       ] GC(2) Humongous regions: 129->129
[2021-09-05T10:20:16.172+0900][gc,metaspace  ] GC(2) Metaspace: 30654K->30654K(1077248K)
[2021-09-05T10:20:16.172+0900][gc            ] GC(2) Pause Young (Normal) (G1 Evacuation Pause) 179M->137M(1024M) 13.771ms
[2021-09-05T10:20:16.172+0900][gc,cpu        ] GC(2) User=0.06s Sys=0.02s Real=0.02s
[2021-09-05T10:20:16.590+0900][gc,start      ] GC(3) Pause Young (Concurrent Start) (Metadata GC Threshold)
[2021-09-05T10:20:16.590+0900][gc,task       ] GC(3) Using 8 workers of 8 for evacuation
[2021-09-05T10:20:16.594+0900][gc,phases     ] GC(3)   Pre Evacuate Collection Set: 0.1ms
[2021-09-05T10:20:16.594+0900][gc,phases     ] GC(3)   Evacuate Collection Set: 3.5ms
[2021-09-05T10:20:16.594+0900][gc,phases     ] GC(3)   Post Evacuate Collection Set: 0.2ms
[2021-09-05T10:20:16.594+0900][gc,phases     ] GC(3)   Other: 0.1ms
[2021-09-05T10:20:16.594+0900][gc,heap       ] GC(3) Eden regions: 22->0(47)
[2021-09-05T10:20:16.594+0900][gc,heap       ] GC(3) Survivor regions: 3->4(7)
[2021-09-05T10:20:16.594+0900][gc,heap       ] GC(3) Old regions: 7->7
[2021-09-05T10:20:16.594+0900][gc,heap       ] GC(3) Humongous regions: 129->129
[2021-09-05T10:20:16.594+0900][gc,metaspace  ] GC(3) Metaspace: 34683K->34683K(1081344K)
[2021-09-05T10:20:16.594+0900][gc            ] GC(3) Pause Young (Concurrent Start) (Metadata GC Threshold) 159M->139M(1024M) 3.937ms
[2021-09-05T10:20:16.594+0900][gc,cpu        ] GC(3) User=0.01s Sys=0.00s Real=0.00s
[2021-09-05T10:20:16.594+0900][gc            ] GC(4) Concurrent Cycle
[2021-09-05T10:20:16.594+0900][gc,marking    ] GC(4) Concurrent Clear Claimed Marks
[2021-09-05T10:20:16.594+0900][gc,marking    ] GC(4) Concurrent Clear Claimed Marks 0.030ms
[2021-09-05T10:20:16.594+0900][gc,marking    ] GC(4) Concurrent Scan Root Regions
[2021-09-05T10:20:16.595+0900][gc,marking    ] GC(4) Concurrent Scan Root Regions 1.457ms
[2021-09-05T10:20:16.595+0900][gc,marking    ] GC(4) Concurrent Mark (2.958s)
[2021-09-05T10:20:16.595+0900][gc,marking    ] GC(4) Concurrent Mark From Roots
[2021-09-05T10:20:16.595+0900][gc,task       ] GC(4) Using 2 workers of 2 for marking
[2021-09-05T10:20:16.600+0900][gc,marking    ] GC(4) Concurrent Mark From Roots 4.791ms
[2021-09-05T10:20:16.600+0900][gc,marking    ] GC(4) Concurrent Preclean
[2021-09-05T10:20:16.600+0900][gc,marking    ] GC(4) Concurrent Preclean 0.042ms
[2021-09-05T10:20:16.600+0900][gc,marking    ] GC(4) Concurrent Mark (2.958s, 2.963s) 4.882ms
[2021-09-05T10:20:16.600+0900][gc,start      ] GC(4) Pause Remark
[2021-09-05T10:20:16.607+0900][gc,stringtable] GC(4) Cleaned string and symbol table, strings: 11689 processed, 9 removed, symbols: 93692 processed, 29 removed
[2021-09-05T10:20:16.607+0900][gc            ] GC(4) Pause Remark 140M->140M(1024M) 6.592ms
[2021-09-05T10:20:16.607+0900][gc,cpu        ] GC(4) User=0.01s Sys=0.01s Real=0.00s
[2021-09-05T10:20:16.607+0900][gc,marking    ] GC(4) Concurrent Rebuild Remembered Sets
[2021-09-05T10:20:16.609+0900][gc,marking    ] GC(4) Concurrent Rebuild Remembered Sets 1.996ms
[2021-09-05T10:20:16.609+0900][gc,start      ] GC(4) Pause Cleanup
[2021-09-05T10:20:16.609+0900][gc            ] GC(4) Pause Cleanup 140M->140M(1024M) 0.112ms
[2021-09-05T10:20:16.609+0900][gc,cpu        ] GC(4) User=0.00s Sys=0.00s Real=0.00s
[2021-09-05T10:20:16.609+0900][gc,marking    ] GC(4) Concurrent Cleanup for Next Mark
[2021-09-05T10:20:16.612+0900][gc,marking    ] GC(4) Concurrent Cleanup for Next Mark 3.064ms
[2021-09-05T10:20:16.612+0900][gc            ] GC(4) Concurrent Cycle 18.741ms
[2021-09-05T10:20:17.628+0900][gc,start      ] GC(5) Pause Young (Normal) (G1 Evacuation Pause)
[2021-09-05T10:20:17.628+0900][gc,task       ] GC(5) Using 8 workers of 8 for evacuation
[2021-09-05T10:20:17.636+0900][gc,phases     ] GC(5)   Pre Evacuate Collection Set: 0.0ms
[2021-09-05T10:20:17.636+0900][gc,phases     ] GC(5)   Evacuate Collection Set: 8.1ms
[2021-09-05T10:20:17.636+0900][gc,phases     ] GC(5)   Post Evacuate Collection Set: 0.4ms
[2021-09-05T10:20:17.636+0900][gc,phases     ] GC(5)   Other: 0.1ms
[2021-09-05T10:20:17.636+0900][gc,heap       ] GC(5) Eden regions: 47->0(46)
[2021-09-05T10:20:17.636+0900][gc,heap       ] GC(5) Survivor regions: 4->5(7)
[2021-09-05T10:20:17.636+0900][gc,heap       ] GC(5) Old regions: 7->9
[2021-09-05T10:20:17.636+0900][gc,heap       ] GC(5) Humongous regions: 129->129
[2021-09-05T10:20:17.636+0900][gc,metaspace  ] GC(5) Metaspace: 44150K->44150K(1089536K)
[2021-09-05T10:20:17.636+0900][gc            ] GC(5) Pause Young (Normal) (G1 Evacuation Pause) 186M->142M(1024M) 8.710ms
[2021-09-05T10:20:17.636+0900][gc,cpu        ] GC(5) User=0.04s Sys=0.01s Real=0.01s
[2021-09-05T10:21:58.091+0900][gc,start      ] GC(6) Pause Young (Normal) (G1 Evacuation Pause)
[2021-09-05T10:21:58.092+0900][gc,task       ] GC(6) Using 8 workers of 8 for evacuation
[2021-09-05T10:21:58.101+0900][gc,phases     ] GC(6)   Pre Evacuate Collection Set: 0.0ms
[2021-09-05T10:21:58.101+0900][gc,phases     ] GC(6)   Evacuate Collection Set: 8.1ms
[2021-09-05T10:21:58.101+0900][gc,phases     ] GC(6)   Post Evacuate Collection Set: 0.6ms
[2021-09-05T10:21:58.101+0900][gc,phases     ] GC(6)   Other: 0.3ms
[2021-09-05T10:21:58.101+0900][gc,heap       ] GC(6) Eden regions: 46->0(44)
[2021-09-05T10:21:58.101+0900][gc,heap       ] GC(6) Survivor regions: 5->7(7)
[2021-09-05T10:21:58.101+0900][gc,heap       ] GC(6) Old regions: 9->11
[2021-09-05T10:21:58.101+0900][gc,heap       ] GC(6) Humongous regions: 129->129
[2021-09-05T10:21:58.101+0900][gc,metaspace  ] GC(6) Metaspace: 49452K->49452K(1093632K)
[2021-09-05T10:21:58.101+0900][gc            ] GC(6) Pause Young (Normal) (G1 Evacuation Pause) 188M->145M(1024M) 9.224ms
[2021-09-05T10:21:58.101+0900][gc,cpu        ] GC(6) User=0.04s Sys=0.01s Real=0.01s
[2021-09-05T10:24:17.098+0900][gc,start      ] GC(7) Pause Young (Normal) (G1 Evacuation Pause)
[2021-09-05T10:24:17.099+0900][gc,task       ] GC(7) Using 8 workers of 8 for evacuation
[2021-09-05T10:24:17.139+0900][gc,mmu        ] GC(7) MMU target violated: 21.0ms (20.0ms/21.0ms)
[2021-09-05T10:24:17.139+0900][gc,phases     ] GC(7)   Pre Evacuate Collection Set: 1.2ms
[2021-09-05T10:24:17.139+0900][gc,phases     ] GC(7)   Evacuate Collection Set: 36.6ms
[2021-09-05T10:24:17.139+0900][gc,phases     ] GC(7)   Post Evacuate Collection Set: 1.0ms
[2021-09-05T10:24:17.139+0900][gc,phases     ] GC(7)   Other: 2.5ms
[2021-09-05T10:24:17.139+0900][gc,heap       ] GC(7) Eden regions: 44->0(45)
[2021-09-05T10:24:17.139+0900][gc,heap       ] GC(7) Survivor regions: 7->6(7)
[2021-09-05T10:24:17.139+0900][gc,heap       ] GC(7) Old regions: 11->14
[2021-09-05T10:24:17.139+0900][gc,heap       ] GC(7) Humongous regions: 129->129
[2021-09-05T10:24:17.139+0900][gc,metaspace  ] GC(7) Metaspace: 50403K->50403K(1095680K)
[2021-09-05T10:24:17.139+0900][gc            ] GC(7) Pause Young (Normal) (G1 Evacuation Pause) 189M->147M(1024M) 41.257ms
[2021-09-05T10:24:17.139+0900][gc,cpu        ] GC(7) User=0.09s Sys=0.04s Real=0.04s
[2021-09-05T10:27:16.542+0900][gc,start      ] GC(8) Pause Young (Normal) (G1 Evacuation Pause)
[2021-09-05T10:27:16.543+0900][gc,task       ] GC(8) Using 8 workers of 8 for evacuation
[2021-09-05T10:27:16.561+0900][gc,phases     ] GC(8)   Pre Evacuate Collection Set: 0.5ms
[2021-09-05T10:27:16.561+0900][gc,phases     ] GC(8)   Evacuate Collection Set: 17.0ms
[2021-09-05T10:27:16.561+0900][gc,phases     ] GC(8)   Post Evacuate Collection Set: 0.5ms
[2021-09-05T10:27:16.561+0900][gc,phases     ] GC(8)   Other: 1.3ms
[2021-09-05T10:27:16.561+0900][gc,heap       ] GC(8) Eden regions: 45->0(47)
[2021-09-05T10:27:16.561+0900][gc,heap       ] GC(8) Survivor regions: 6->4(7)
[2021-09-05T10:27:16.561+0900][gc,heap       ] GC(8) Old regions: 14->17
[2021-09-05T10:27:16.561+0900][gc,heap       ] GC(8) Humongous regions: 129->129
[2021-09-05T10:27:16.561+0900][gc,metaspace  ] GC(8) Metaspace: 50630K->50630K(1095680K)
[2021-09-05T10:27:16.561+0900][gc            ] GC(8) Pause Young (Normal) (G1 Evacuation Pause) 192M->148M(1024M) 19.380ms
[2021-09-05T10:27:16.561+0900][gc,cpu        ] GC(8) User=0.07s Sys=0.03s Real=0.02s
[2021-09-05T10:30:27.535+0900][gc,start      ] GC(9) Pause Young (Normal) (G1 Evacuation Pause)
[2021-09-05T10:30:27.536+0900][gc,task       ] GC(9) Using 8 workers of 8 for evacuation
[2021-09-05T10:30:27.559+0900][gc,mmu        ] GC(9) MMU target violated: 21.0ms (20.0ms/21.0ms)
[2021-09-05T10:30:27.559+0900][gc,phases     ] GC(9)   Pre Evacuate Collection Set: 0.9ms
[2021-09-05T10:30:27.559+0900][gc,phases     ] GC(9)   Evacuate Collection Set: 20.3ms
[2021-09-05T10:30:27.559+0900][gc,phases     ] GC(9)   Post Evacuate Collection Set: 0.5ms
[2021-09-05T10:30:27.559+0900][gc,phases     ] GC(9)   Other: 1.8ms
[2021-09-05T10:30:27.559+0900][gc,heap       ] GC(9) Eden regions: 47->0(46)
[2021-09-05T10:30:27.559+0900][gc,heap       ] GC(9) Survivor regions: 4->5(7)
[2021-09-05T10:30:27.559+0900][gc,heap       ] GC(9) Old regions: 17->17
[2021-09-05T10:30:27.559+0900][gc,heap       ] GC(9) Humongous regions: 129->129
[2021-09-05T10:30:27.559+0900][gc,metaspace  ] GC(9) Metaspace: 50788K->50788K(1095680K)
[2021-09-05T10:30:27.559+0900][gc            ] GC(9) Pause Young (Normal) (G1 Evacuation Pause) 195M->149M(1024M) 23.836ms
[2021-09-05T10:30:27.559+0900][gc,cpu        ] GC(9) User=0.04s Sys=0.02s Real=0.02s
[2021-09-05T10:33:26.397+0900][gc,start      ] GC(10) Pause Young (Normal) (G1 Evacuation Pause)
[2021-09-05T10:33:26.398+0900][gc,task       ] GC(10) Using 8 workers of 8 for evacuation
[2021-09-05T10:33:26.420+0900][gc,mmu        ] GC(10) MMU target violated: 21.0ms (20.0ms/21.0ms)
[2021-09-05T10:33:26.421+0900][gc,phases     ] GC(10)   Pre Evacuate Collection Set: 1.7ms
[2021-09-05T10:33:26.421+0900][gc,phases     ] GC(10)   Evacuate Collection Set: 19.6ms
[2021-09-05T10:33:26.421+0900][gc,phases     ] GC(10)   Post Evacuate Collection Set: 0.5ms
[2021-09-05T10:33:26.421+0900][gc,phases     ] GC(10)   Other: 2.3ms
[2021-09-05T10:33:26.421+0900][gc,heap       ] GC(10) Eden regions: 46->0(44)
[2021-09-05T10:33:26.421+0900][gc,heap       ] GC(10) Survivor regions: 5->7(7)
[2021-09-05T10:33:26.421+0900][gc,heap       ] GC(10) Old regions: 17->17
[2021-09-05T10:33:26.421+0900][gc,heap       ] GC(10) Humongous regions: 129->129
[2021-09-05T10:33:26.421+0900][gc,metaspace  ] GC(10) Metaspace: 50928K->50928K(1095680K)
[2021-09-05T10:33:26.421+0900][gc            ] GC(10) Pause Young (Normal) (G1 Evacuation Pause) 195M->152M(1024M) 24.146ms
[2021-09-05T10:33:26.421+0900][gc,cpu        ] GC(10) User=0.08s Sys=0.04s Real=0.03s
[2021-09-05T10:36:33.734+0900][gc,start      ] GC(11) Pause Young (Normal) (G1 Evacuation Pause)
[2021-09-05T10:36:33.735+0900][gc,task       ] GC(11) Using 8 workers of 8 for evacuation
[2021-09-05T10:36:33.744+0900][gc,phases     ] GC(11)   Pre Evacuate Collection Set: 0.3ms
[2021-09-05T10:36:33.744+0900][gc,phases     ] GC(11)   Evacuate Collection Set: 8.6ms
[2021-09-05T10:36:33.744+0900][gc,phases     ] GC(11)   Post Evacuate Collection Set: 0.3ms
[2021-09-05T10:36:33.744+0900][gc,phases     ] GC(11)   Other: 1.0ms
[2021-09-05T10:36:33.744+0900][gc,heap       ] GC(11) Eden regions: 44->0(48)
[2021-09-05T10:36:33.744+0900][gc,heap       ] GC(11) Survivor regions: 7->3(7)
[2021-09-05T10:36:33.744+0900][gc,heap       ] GC(11) Old regions: 17->22
[2021-09-05T10:36:33.744+0900][gc,heap       ] GC(11) Humongous regions: 129->129
[2021-09-05T10:36:33.744+0900][gc,metaspace  ] GC(11) Metaspace: 50977K->50977K(1095680K)
[2021-09-05T10:36:33.744+0900][gc            ] GC(11) Pause Young (Normal) (G1 Evacuation Pause) 196M->153M(1024M) 10.264ms
[2021-09-05T10:36:33.744+0900][gc,cpu        ] GC(11) User=0.03s Sys=0.01s Real=0.01s
[2021-09-05T10:39:31.895+0900][gc,start      ] GC(12) Pause Young (Normal) (G1 Evacuation Pause)
[2021-09-05T10:39:31.895+0900][gc,task       ] GC(12) Using 8 workers of 8 for evacuation
[2021-09-05T10:39:31.921+0900][gc,mmu        ] GC(12) MMU target violated: 21.0ms (20.0ms/21.0ms)
[2021-09-05T10:39:31.921+0900][gc,phases     ] GC(12)   Pre Evacuate Collection Set: 0.8ms
[2021-09-05T10:39:31.921+0900][gc,phases     ] GC(12)   Evacuate Collection Set: 23.0ms
[2021-09-05T10:39:31.921+0900][gc,phases     ] GC(12)   Post Evacuate Collection Set: 0.8ms
[2021-09-05T10:39:31.921+0900][gc,phases     ] GC(12)   Other: 1.0ms
[2021-09-05T10:39:31.921+0900][gc,heap       ] GC(12) Eden regions: 48->0(44)
[2021-09-05T10:39:31.921+0900][gc,heap       ] GC(12) Survivor regions: 3->7(7)
[2021-09-05T10:39:31.921+0900][gc,heap       ] GC(12) Old regions: 22->22
[2021-09-05T10:39:31.921+0900][gc,heap       ] GC(12) Humongous regions: 129->129
[2021-09-05T10:39:31.921+0900][gc,metaspace  ] GC(12) Metaspace: 51085K->51085K(1095680K)
[2021-09-05T10:39:31.921+0900][gc            ] GC(12) Pause Young (Normal) (G1 Evacuation Pause) 201M->157M(1024M) 25.790ms
[2021-09-05T10:39:31.921+0900][gc,cpu        ] GC(12) User=0.04s Sys=0.02s Real=0.03s
[2021-09-05T10:42:12.373+0900][gc,start      ] GC(13) Pause Young (Normal) (G1 Evacuation Pause)
[2021-09-05T10:42:12.374+0900][gc,task       ] GC(13) Using 8 workers of 8 for evacuation
[2021-09-05T10:42:12.405+0900][gc,mmu        ] GC(13) MMU target violated: 21.0ms (20.0ms/21.0ms)
[2021-09-05T10:42:12.405+0900][gc,phases     ] GC(13)   Pre Evacuate Collection Set: 1.4ms
[2021-09-05T10:42:12.405+0900][gc,phases     ] GC(13)   Evacuate Collection Set: 27.9ms
[2021-09-05T10:42:12.405+0900][gc,phases     ] GC(13)   Post Evacuate Collection Set: 0.8ms
[2021-09-05T10:42:12.405+0900][gc,phases     ] GC(13)   Other: 2.3ms
[2021-09-05T10:42:12.405+0900][gc,heap       ] GC(13) Eden regions: 44->0(47)
[2021-09-05T10:42:12.405+0900][gc,heap       ] GC(13) Survivor regions: 7->4(7)
[2021-09-05T10:42:12.406+0900][gc,heap       ] GC(13) Old regions: 22->27
[2021-09-05T10:42:12.406+0900][gc,heap       ] GC(13) Humongous regions: 129->129
[2021-09-05T10:42:12.406+0900][gc,metaspace  ] GC(13) Metaspace: 51117K->51117K(1095680K)
[2021-09-05T10:42:12.406+0900][gc            ] GC(13) Pause Young (Normal) (G1 Evacuation Pause) 201M->158M(1024M) 32.660ms
[2021-09-05T10:42:12.406+0900][gc,cpu        ] GC(13) User=0.07s Sys=0.03s Real=0.03s
[2021-09-05T10:45:07.306+0900][gc,start      ] GC(14) Pause Young (Normal) (G1 Evacuation Pause)
[2021-09-05T10:45:07.307+0900][gc,task       ] GC(14) Using 8 workers of 8 for evacuation
[2021-09-05T10:45:07.324+0900][gc,phases     ] GC(14)   Pre Evacuate Collection Set: 0.7ms
[2021-09-05T10:45:07.324+0900][gc,phases     ] GC(14)   Evacuate Collection Set: 15.5ms
[2021-09-05T10:45:07.324+0900][gc,phases     ] GC(14)   Post Evacuate Collection Set: 0.6ms
[2021-09-05T10:45:07.324+0900][gc,phases     ] GC(14)   Other: 0.9ms
[2021-09-05T10:45:07.324+0900][gc,heap       ] GC(14) Eden regions: 47->0(45)
[2021-09-05T10:45:07.324+0900][gc,heap       ] GC(14) Survivor regions: 4->6(7)
[2021-09-05T10:45:07.324+0900][gc,heap       ] GC(14) Old regions: 27->27
[2021-09-05T10:45:07.324+0900][gc,heap       ] GC(14) Humongous regions: 129->129
[2021-09-05T10:45:07.324+0900][gc,metaspace  ] GC(14) Metaspace: 51122K->51122K(1095680K)
[2021-09-05T10:45:07.324+0900][gc            ] GC(14) Pause Young (Normal) (G1 Evacuation Pause) 205M->160M(1024M) 17.983ms
[2021-09-05T10:45:07.324+0900][gc,cpu        ] GC(14) User=0.04s Sys=0.01s Real=0.02s
[2021-09-05T10:47:53.901+0900][gc,start      ] GC(15) Pause Young (Normal) (G1 Evacuation Pause)
[2021-09-05T10:47:53.903+0900][gc,task       ] GC(15) Using 8 workers of 8 for evacuation
[2021-09-05T10:47:53.917+0900][gc,phases     ] GC(15)   Pre Evacuate Collection Set: 0.1ms
[2021-09-05T10:47:53.917+0900][gc,phases     ] GC(15)   Evacuate Collection Set: 13.8ms
[2021-09-05T10:47:53.917+0900][gc,phases     ] GC(15)   Post Evacuate Collection Set: 0.4ms
[2021-09-05T10:47:53.918+0900][gc,phases     ] GC(15)   Other: 1.7ms
[2021-09-05T10:47:53.918+0900][gc,heap       ] GC(15) Eden regions: 45->0(44)
[2021-09-05T10:47:53.918+0900][gc,heap       ] GC(15) Survivor regions: 6->7(7)
[2021-09-05T10:47:53.918+0900][gc,heap       ] GC(15) Old regions: 27->29
[2021-09-05T10:47:53.918+0900][gc,heap       ] GC(15) Humongous regions: 129->129
[2021-09-05T10:47:53.918+0900][gc,metaspace  ] GC(15) Metaspace: 51129K->51129K(1095680K)
[2021-09-05T10:47:53.918+0900][gc            ] GC(15) Pause Young (Normal) (G1 Evacuation Pause) 205M->164M(1024M) 16.173ms
[2021-09-05T10:47:53.918+0900][gc,cpu        ] GC(15) User=0.06s Sys=0.00s Real=0.01s
[2021-09-05T10:50:36.236+0900][gc,start      ] GC(16) Pause Young (Normal) (G1 Evacuation Pause)
[2021-09-05T10:50:36.237+0900][gc,task       ] GC(16) Using 8 workers of 8 for evacuation
[2021-09-05T10:50:36.252+0900][gc,phases     ] GC(16)   Pre Evacuate Collection Set: 0.7ms
[2021-09-05T10:50:36.252+0900][gc,phases     ] GC(16)   Evacuate Collection Set: 14.1ms
[2021-09-05T10:50:36.252+0900][gc,phases     ] GC(16)   Post Evacuate Collection Set: 0.4ms
[2021-09-05T10:50:36.252+0900][gc,phases     ] GC(16)   Other: 1.7ms
[2021-09-05T10:50:36.252+0900][gc,heap       ] GC(16) Eden regions: 44->0(47)
[2021-09-05T10:50:36.252+0900][gc,heap       ] GC(16) Survivor regions: 7->4(7)
[2021-09-05T10:50:36.252+0900][gc,heap       ] GC(16) Old regions: 29->35
[2021-09-05T10:50:36.252+0900][gc,heap       ] GC(16) Humongous regions: 129->129
[2021-09-05T10:50:36.252+0900][gc,metaspace  ] GC(16) Metaspace: 51146K->51146K(1095680K)
[2021-09-05T10:50:36.252+0900][gc            ] GC(16) Pause Young (Normal) (G1 Evacuation Pause) 208M->166M(1024M) 16.942ms
[2021-09-05T10:50:36.253+0900][gc,cpu        ] GC(16) User=0.04s Sys=0.02s Real=0.02s
[2021-09-05T10:53:31.648+0900][gc,start      ] GC(17) Pause Young (Normal) (G1 Evacuation Pause)
[2021-09-05T10:53:31.649+0900][gc,task       ] GC(17) Using 8 workers of 8 for evacuation
[2021-09-05T10:53:31.660+0900][gc,phases     ] GC(17)   Pre Evacuate Collection Set: 0.1ms
[2021-09-05T10:53:31.660+0900][gc,phases     ] GC(17)   Evacuate Collection Set: 9.5ms
[2021-09-05T10:53:31.660+0900][gc,phases     ] GC(17)   Post Evacuate Collection Set: 0.5ms
[2021-09-05T10:53:31.660+0900][gc,phases     ] GC(17)   Other: 2.0ms
[2021-09-05T10:53:31.660+0900][gc,heap       ] GC(17) Eden regions: 47->0(48)
[2021-09-05T10:53:31.660+0900][gc,heap       ] GC(17) Survivor regions: 4->6(7)
[2021-09-05T10:53:31.660+0900][gc,heap       ] GC(17) Old regions: 35->35
[2021-09-05T10:53:31.660+0900][gc,heap       ] GC(17) Humongous regions: 129->129
[2021-09-05T10:53:31.660+0900][gc,metaspace  ] GC(17) Metaspace: 51161K->51161K(1095680K)
[2021-09-05T10:53:31.660+0900][gc            ] GC(17) Pause Young (Normal) (G1 Evacuation Pause) 213M->168M(1024M) 12.365ms
[2021-09-05T10:53:31.660+0900][gc,cpu        ] GC(17) User=0.05s Sys=0.01s Real=0.02s
[2021-09-05T11:04:03.189+0900][gc,start      ] GC(18) Pause Young (Normal) (G1 Evacuation Pause)
[2021-09-05T11:04:03.190+0900][gc,task       ] GC(18) Using 8 workers of 8 for evacuation
[2021-09-05T11:04:03.224+0900][gc,mmu        ] GC(18) MMU target violated: 21.0ms (20.0ms/21.0ms)
[2021-09-05T11:04:03.224+0900][gc,phases     ] GC(18)   Pre Evacuate Collection Set: 0.6ms
[2021-09-05T11:04:03.224+0900][gc,phases     ] GC(18)   Evacuate Collection Set: 32.2ms
[2021-09-05T11:04:03.224+0900][gc,phases     ] GC(18)   Post Evacuate Collection Set: 0.5ms
[2021-09-05T11:04:03.224+0900][gc,phases     ] GC(18)   Other: 1.1ms
[2021-09-05T11:04:03.224+0900][gc,heap       ] GC(18) Eden regions: 48->0(44)
[2021-09-05T11:04:03.224+0900][gc,heap       ] GC(18) Survivor regions: 6->7(7)
[2021-09-05T11:04:03.224+0900][gc,heap       ] GC(18) Old regions: 35->37
[2021-09-05T11:04:03.224+0900][gc,heap       ] GC(18) Humongous regions: 129->129
[2021-09-05T11:04:03.224+0900][gc,metaspace  ] GC(18) Metaspace: 51175K->51175K(1095680K)
[2021-09-05T11:04:03.224+0900][gc            ] GC(18) Pause Young (Normal) (G1 Evacuation Pause) 216M->172M(1024M) 34.393ms
[2021-09-05T11:04:03.224+0900][gc,cpu        ] GC(18) User=0.04s Sys=0.04s Real=0.04s
[2021-09-05T11:06:47.061+0900][gc,start      ] GC(19) Pause Young (Normal) (G1 Evacuation Pause)
[2021-09-05T11:06:47.061+0900][gc,task       ] GC(19) Using 8 workers of 8 for evacuation
[2021-09-05T11:06:47.082+0900][gc,mmu        ] GC(19) MMU target violated: 20.9ms (20.0ms/21.0ms)
[2021-09-05T11:06:47.083+0900][gc,phases     ] GC(19)   Pre Evacuate Collection Set: 0.8ms
[2021-09-05T11:06:47.083+0900][gc,phases     ] GC(19)   Evacuate Collection Set: 19.3ms
[2021-09-05T11:06:47.083+0900][gc,phases     ] GC(19)   Post Evacuate Collection Set: 0.4ms
[2021-09-05T11:06:47.083+0900][gc,phases     ] GC(19)   Other: 1.6ms
[2021-09-05T11:06:47.083+0900][gc,heap       ] GC(19) Eden regions: 44->0(47)
[2021-09-05T11:06:47.083+0900][gc,heap       ] GC(19) Survivor regions: 7->4(7)
[2021-09-05T11:06:47.083+0900][gc,heap       ] GC(19) Old regions: 37->43
[2021-09-05T11:06:47.083+0900][gc,heap       ] GC(19) Humongous regions: 129->129
[2021-09-05T11:06:47.083+0900][gc,metaspace  ] GC(19) Metaspace: 51184K->51184K(1095680K)
[2021-09-05T11:06:47.083+0900][gc            ] GC(19) Pause Young (Normal) (G1 Evacuation Pause) 216M->175M(1024M) 22.163ms
[2021-09-05T11:06:47.083+0900][gc,cpu        ] GC(19) User=0.06s Sys=0.02s Real=0.02s
[2021-09-05T11:09:39.398+0900][gc,start      ] GC(20) Pause Young (Normal) (G1 Evacuation Pause)
[2021-09-05T11:09:39.399+0900][gc,task       ] GC(20) Using 8 workers of 8 for evacuation
[2021-09-05T11:09:39.421+0900][gc,mmu        ] GC(20) MMU target violated: 21.0ms (20.0ms/21.0ms)
[2021-09-05T11:09:39.421+0900][gc,phases     ] GC(20)   Pre Evacuate Collection Set: 0.8ms
[2021-09-05T11:09:39.421+0900][gc,phases     ] GC(20)   Evacuate Collection Set: 20.2ms
[2021-09-05T11:09:39.421+0900][gc,phases     ] GC(20)   Post Evacuate Collection Set: 0.6ms
[2021-09-05T11:09:39.421+0900][gc,phases     ] GC(20)   Other: 1.1ms
[2021-09-05T11:09:39.421+0900][gc,heap       ] GC(20) Eden regions: 47->0(45)
[2021-09-05T11:09:39.421+0900][gc,heap       ] GC(20) Survivor regions: 4->6(7)
[2021-09-05T11:09:39.421+0900][gc,heap       ] GC(20) Old regions: 43->43
[2021-09-05T11:09:39.421+0900][gc,heap       ] GC(20) Humongous regions: 129->129
[2021-09-05T11:09:39.421+0900][gc,metaspace  ] GC(20) Metaspace: 51207K->51207K(1095680K)
[2021-09-05T11:09:39.421+0900][gc            ] GC(20) Pause Young (Normal) (G1 Evacuation Pause) 222M->176M(1024M) 22.828ms
[2021-09-05T11:09:39.421+0900][gc,cpu        ] GC(20) User=0.06s Sys=0.03s Real=0.03s
[2021-09-05T11:12:26.393+0900][gc,start      ] GC(21) Pause Young (Normal) (G1 Evacuation Pause)
[2021-09-05T11:12:26.394+0900][gc,task       ] GC(21) Using 8 workers of 8 for evacuation
[2021-09-05T11:12:26.418+0900][gc,mmu        ] GC(21) MMU target violated: 21.0ms (20.0ms/21.0ms)
[2021-09-05T11:12:26.418+0900][gc,phases     ] GC(21)   Pre Evacuate Collection Set: 0.7ms
[2021-09-05T11:12:26.418+0900][gc,phases     ] GC(21)   Evacuate Collection Set: 22.8ms
[2021-09-05T11:12:26.418+0900][gc,phases     ] GC(21)   Post Evacuate Collection Set: 0.4ms
[2021-09-05T11:12:26.418+0900][gc,phases     ] GC(21)   Other: 1.1ms
[2021-09-05T11:12:26.418+0900][gc,heap       ] GC(21) Eden regions: 45->0(44)
[2021-09-05T11:12:26.418+0900][gc,heap       ] GC(21) Survivor regions: 6->7(7)
[2021-09-05T11:12:26.418+0900][gc,heap       ] GC(21) Old regions: 43->45
[2021-09-05T11:12:26.418+0900][gc,heap       ] GC(21) Humongous regions: 129->129
[2021-09-05T11:12:26.418+0900][gc,metaspace  ] GC(21) Metaspace: 51219K->51219K(1095680K)
[2021-09-05T11:12:26.418+0900][gc            ] GC(21) Pause Young (Normal) (G1 Evacuation Pause) 221M->180M(1024M) 25.082ms
[2021-09-05T11:12:26.418+0900][gc,cpu        ] GC(21) User=0.06s Sys=0.02s Real=0.02s
[2021-09-05T11:15:08.891+0900][gc,start      ] GC(22) Pause Young (Normal) (G1 Evacuation Pause)
[2021-09-05T11:15:08.891+0900][gc,task       ] GC(22) Using 8 workers of 8 for evacuation
[2021-09-05T11:15:08.908+0900][gc,phases     ] GC(22)   Pre Evacuate Collection Set: 0.1ms
[2021-09-05T11:15:08.908+0900][gc,phases     ] GC(22)   Evacuate Collection Set: 15.3ms
[2021-09-05T11:15:08.908+0900][gc,phases     ] GC(22)   Post Evacuate Collection Set: 0.3ms
[2021-09-05T11:15:08.908+0900][gc,phases     ] GC(22)   Other: 1.4ms
[2021-09-05T11:15:08.908+0900][gc,heap       ] GC(22) Eden regions: 44->0(49)
[2021-09-05T11:15:08.908+0900][gc,heap       ] GC(22) Survivor regions: 7->4(7)
[2021-09-05T11:15:08.908+0900][gc,heap       ] GC(22) Old regions: 45->50
[2021-09-05T11:15:08.908+0900][gc,heap       ] GC(22) Humongous regions: 129->129
[2021-09-05T11:15:08.908+0900][gc,metaspace  ] GC(22) Metaspace: 51230K->51230K(1095680K)
[2021-09-05T11:15:08.908+0900][gc            ] GC(22) Pause Young (Normal) (G1 Evacuation Pause) 224M->182M(1024M) 17.174ms
[2021-09-05T11:15:08.908+0900][gc,cpu        ] GC(22) User=0.04s Sys=0.01s Real=0.01s
[2021-09-05T11:18:09.868+0900][gc,start      ] GC(23) Pause Young (Normal) (G1 Evacuation Pause)
[2021-09-05T11:18:09.870+0900][gc,task       ] GC(23) Using 8 workers of 8 for evacuation
[2021-09-05T11:18:09.897+0900][gc,mmu        ] GC(23) MMU target violated: 21.0ms (20.0ms/21.0ms)
[2021-09-05T11:18:09.897+0900][gc,phases     ] GC(23)   Pre Evacuate Collection Set: 1.5ms
[2021-09-05T11:18:09.897+0900][gc,phases     ] GC(23)   Evacuate Collection Set: 24.7ms
[2021-09-05T11:18:09.897+0900][gc,phases     ] GC(23)   Post Evacuate Collection Set: 0.6ms
[2021-09-05T11:18:09.897+0900][gc,phases     ] GC(23)   Other: 1.8ms
[2021-09-05T11:18:09.897+0900][gc,heap       ] GC(23) Eden regions: 49->0(45)
[2021-09-05T11:18:09.897+0900][gc,heap       ] GC(23) Survivor regions: 4->6(7)
[2021-09-05T11:18:09.897+0900][gc,heap       ] GC(23) Old regions: 50->50
[2021-09-05T11:18:09.897+0900][gc,heap       ] GC(23) Humongous regions: 129->129
[2021-09-05T11:18:09.897+0900][gc,metaspace  ] GC(23) Metaspace: 51234K->51234K(1095680K)
[2021-09-05T11:18:09.897+0900][gc            ] GC(23) Pause Young (Normal) (G1 Evacuation Pause) 231M->184M(1024M) 28.762ms
[2021-09-05T11:18:09.897+0900][gc,cpu        ] GC(23) User=0.05s Sys=0.03s Real=0.03s
[2021-09-05T11:20:55.844+0900][gc,start      ] GC(24) Pause Young (Normal) (G1 Evacuation Pause)
[2021-09-05T11:20:55.846+0900][gc,task       ] GC(24) Using 8 workers of 8 for evacuation
[2021-09-05T11:20:55.870+0900][gc,mmu        ] GC(24) MMU target violated: 21.0ms (20.0ms/21.0ms)
[2021-09-05T11:20:55.870+0900][gc,phases     ] GC(24)   Pre Evacuate Collection Set: 1.1ms
[2021-09-05T11:20:55.870+0900][gc,phases     ] GC(24)   Evacuate Collection Set: 22.0ms
[2021-09-05T11:20:55.870+0900][gc,phases     ] GC(24)   Post Evacuate Collection Set: 0.6ms
[2021-09-05T11:20:55.870+0900][gc,phases     ] GC(24)   Other: 2.0ms
[2021-09-05T11:20:55.870+0900][gc,heap       ] GC(24) Eden regions: 45->0(44)
[2021-09-05T11:20:55.870+0900][gc,heap       ] GC(24) Survivor regions: 6->7(7)
[2021-09-05T11:20:55.870+0900][gc,heap       ] GC(24) Old regions: 50->53
[2021-09-05T11:20:55.870+0900][gc,heap       ] GC(24) Humongous regions: 129->129
[2021-09-05T11:20:55.870+0900][gc,metaspace  ] GC(24) Metaspace: 51251K->51251K(1095680K)
[2021-09-05T11:20:55.870+0900][gc            ] GC(24) Pause Young (Normal) (G1 Evacuation Pause) 229M->188M(1024M) 25.878ms
[2021-09-05T11:20:55.870+0900][gc,cpu        ] GC(24) User=0.07s Sys=0.03s Real=0.03s
[2021-09-05T11:23:37.255+0900][gc,start      ] GC(25) Pause Young (Normal) (G1 Evacuation Pause)
[2021-09-05T11:23:37.256+0900][gc,task       ] GC(25) Using 8 workers of 8 for evacuation
[2021-09-05T11:23:37.272+0900][gc,phases     ] GC(25)   Pre Evacuate Collection Set: 0.1ms
[2021-09-05T11:23:37.272+0900][gc,phases     ] GC(25)   Evacuate Collection Set: 15.3ms
[2021-09-05T11:23:37.272+0900][gc,phases     ] GC(25)   Post Evacuate Collection Set: 0.6ms
[2021-09-05T11:23:37.272+0900][gc,phases     ] GC(25)   Other: 1.4ms
[2021-09-05T11:23:37.272+0900][gc,heap       ] GC(25) Eden regions: 44->0(47)
[2021-09-05T11:23:37.273+0900][gc,heap       ] GC(25) Survivor regions: 7->4(7)
[2021-09-05T11:23:37.273+0900][gc,heap       ] GC(25) Old regions: 53->59
[2021-09-05T11:23:37.273+0900][gc,heap       ] GC(25) Humongous regions: 129->129
[2021-09-05T11:23:37.273+0900][gc,metaspace  ] GC(25) Metaspace: 51256K->51256K(1095680K)
[2021-09-05T11:23:37.273+0900][gc            ] GC(25) Pause Young (Normal) (G1 Evacuation Pause) 232M->191M(1024M) 17.670ms
[2021-09-05T11:23:37.273+0900][gc,cpu        ] GC(25) User=0.06s Sys=0.01s Real=0.02s
[2021-09-05T11:26:30.456+0900][gc,start      ] GC(26) Pause Young (Normal) (G1 Evacuation Pause)
[2021-09-05T11:26:30.457+0900][gc,task       ] GC(26) Using 8 workers of 8 for evacuation
[2021-09-05T11:26:30.478+0900][gc,mmu        ] GC(26) MMU target violated: 20.8ms (20.0ms/21.0ms)
[2021-09-05T11:26:30.478+0900][gc,phases     ] GC(26)   Pre Evacuate Collection Set: 0.9ms
[2021-09-05T11:26:30.478+0900][gc,phases     ] GC(26)   Evacuate Collection Set: 19.1ms
[2021-09-05T11:26:30.478+0900][gc,phases     ] GC(26)   Post Evacuate Collection Set: 0.5ms
[2021-09-05T11:26:30.478+0900][gc,phases     ] GC(26)   Other: 1.9ms
[2021-09-05T11:26:30.478+0900][gc,heap       ] GC(26) Eden regions: 47->0(45)
[2021-09-05T11:26:30.478+0900][gc,heap       ] GC(26) Survivor regions: 4->6(7)
[2021-09-05T11:26:30.478+0900][gc,heap       ] GC(26) Old regions: 59->59
[2021-09-05T11:26:30.478+0900][gc,heap       ] GC(26) Humongous regions: 129->129
[2021-09-05T11:26:30.478+0900][gc,metaspace  ] GC(26) Metaspace: 51263K->51263K(1095680K)
[2021-09-05T11:26:30.478+0900][gc            ] GC(26) Pause Young (Normal) (G1 Evacuation Pause) 238M->192M(1024M) 22.422ms
[2021-09-05T11:26:30.478+0900][gc,cpu        ] GC(26) User=0.04s Sys=0.02s Real=0.02s
[2021-09-05T11:29:04.270+0900][gc,start      ] GC(27) Pause Young (Normal) (G1 Evacuation Pause)
[2021-09-05T11:29:04.270+0900][gc,task       ] GC(27) Using 8 workers of 8 for evacuation
[2021-09-05T11:29:04.296+0900][gc,mmu        ] GC(27) MMU target violated: 21.0ms (20.0ms/21.0ms)
[2021-09-05T11:29:04.296+0900][gc,phases     ] GC(27)   Pre Evacuate Collection Set: 0.1ms
[2021-09-05T11:29:04.296+0900][gc,phases     ] GC(27)   Evacuate Collection Set: 24.9ms
[2021-09-05T11:29:04.296+0900][gc,phases     ] GC(27)   Post Evacuate Collection Set: 0.4ms
[2021-09-05T11:29:04.296+0900][gc,phases     ] GC(27)   Other: 1.0ms
[2021-09-05T11:29:04.296+0900][gc,heap       ] GC(27) Eden regions: 45->0(44)
[2021-09-05T11:29:04.296+0900][gc,heap       ] GC(27) Survivor regions: 6->7(7)
[2021-09-05T11:29:04.296+0900][gc,heap       ] GC(27) Old regions: 59->62
[2021-09-05T11:29:04.296+0900][gc,heap       ] GC(27) Humongous regions: 129->129
[2021-09-05T11:29:04.296+0900][gc,metaspace  ] GC(27) Metaspace: 51334K->51334K(1095680K)
[2021-09-05T11:29:04.296+0900][gc            ] GC(27) Pause Young (Normal) (G1 Evacuation Pause) 237M->197M(1024M) 26.340ms
[2021-09-05T11:29:04.296+0900][gc,cpu        ] GC(27) User=0.05s Sys=0.02s Real=0.02s
[2021-09-05T11:31:47.042+0900][gc,start      ] GC(28) Pause Young (Normal) (G1 Evacuation Pause)
[2021-09-05T11:31:47.043+0900][gc,task       ] GC(28) Using 8 workers of 8 for evacuation
[2021-09-05T11:31:47.066+0900][gc,mmu        ] GC(28) MMU target violated: 21.0ms (20.0ms/21.0ms)
[2021-09-05T11:31:47.066+0900][gc,phases     ] GC(28)   Pre Evacuate Collection Set: 1.1ms
[2021-09-05T11:31:47.067+0900][gc,phases     ] GC(28)   Evacuate Collection Set: 20.5ms
[2021-09-05T11:31:47.067+0900][gc,phases     ] GC(28)   Post Evacuate Collection Set: 0.7ms
[2021-09-05T11:31:47.067+0900][gc,phases     ] GC(28)   Other: 2.2ms
[2021-09-05T11:31:47.067+0900][gc,heap       ] GC(28) Eden regions: 44->0(48)
[2021-09-05T11:31:47.067+0900][gc,heap       ] GC(28) Survivor regions: 7->3(7)
[2021-09-05T11:31:47.067+0900][gc,heap       ] GC(28) Old regions: 62->67
[2021-09-05T11:31:47.067+0900][gc,heap       ] GC(28) Humongous regions: 129->129
[2021-09-05T11:31:47.067+0900][gc,metaspace  ] GC(28) Metaspace: 51359K->51359K(1095680K)
[2021-09-05T11:31:47.067+0900][gc            ] GC(28) Pause Young (Normal) (G1 Evacuation Pause) 241M->198M(1024M) 24.664ms
[2021-09-05T11:31:47.067+0900][gc,cpu        ] GC(28) User=0.07s Sys=0.03s Real=0.02s
[2021-09-05T11:34:44.413+0900][gc,start      ] GC(29) Pause Young (Normal) (G1 Evacuation Pause)
[2021-09-05T11:34:44.414+0900][gc,task       ] GC(29) Using 8 workers of 8 for evacuation
[2021-09-05T11:34:44.431+0900][gc,phases     ] GC(29)   Pre Evacuate Collection Set: 0.5ms
[2021-09-05T11:34:44.432+0900][gc,phases     ] GC(29)   Evacuate Collection Set: 16.1ms
[2021-09-05T11:34:44.432+0900][gc,phases     ] GC(29)   Post Evacuate Collection Set: 0.6ms
[2021-09-05T11:34:44.432+0900][gc,phases     ] GC(29)   Other: 1.2ms
[2021-09-05T11:34:44.432+0900][gc,heap       ] GC(29) Eden regions: 48->0(45)
[2021-09-05T11:34:44.432+0900][gc,heap       ] GC(29) Survivor regions: 3->7(7)
[2021-09-05T11:34:44.432+0900][gc,heap       ] GC(29) Old regions: 67->67
[2021-09-05T11:34:44.432+0900][gc,heap       ] GC(29) Humongous regions: 129->129
[2021-09-05T11:34:44.432+0900][gc,metaspace  ] GC(29) Metaspace: 51369K->51369K(1095680K)
[2021-09-05T11:34:44.432+0900][gc            ] GC(29) Pause Young (Normal) (G1 Evacuation Pause) 246M->201M(1024M) 18.700ms
[2021-09-05T11:34:44.432+0900][gc,cpu        ] GC(29) User=0.05s Sys=0.01s Real=0.02s
[2021-09-05T11:37:31.141+0900][gc,start      ] GC(30) Pause Young (Normal) (G1 Evacuation Pause)
[2021-09-05T11:37:31.142+0900][gc,task       ] GC(30) Using 8 workers of 8 for evacuation
[2021-09-05T11:37:31.163+0900][gc,phases     ] GC(30)   Pre Evacuate Collection Set: 0.4ms
[2021-09-05T11:37:31.163+0900][gc,phases     ] GC(30)   Evacuate Collection Set: 18.9ms
[2021-09-05T11:37:31.163+0900][gc,phases     ] GC(30)   Post Evacuate Collection Set: 0.4ms
[2021-09-05T11:37:31.163+0900][gc,phases     ] GC(30)   Other: 1.5ms
[2021-09-05T11:37:31.163+0900][gc,heap       ] GC(30) Eden regions: 45->0(47)
[2021-09-05T11:37:31.163+0900][gc,heap       ] GC(30) Survivor regions: 7->5(7)
[2021-09-05T11:37:31.163+0900][gc,heap       ] GC(30) Old regions: 67->71
[2021-09-05T11:37:31.163+0900][gc,heap       ] GC(30) Humongous regions: 129->129
[2021-09-05T11:37:31.163+0900][gc,metaspace  ] GC(30) Metaspace: 51372K->51372K(1095680K)
[2021-09-05T11:37:31.163+0900][gc            ] GC(30) Pause Young (Normal) (G1 Evacuation Pause) 246M->203M(1024M) 21.296ms
[2021-09-05T11:37:31.163+0900][gc,cpu        ] GC(30) User=0.05s Sys=0.01s Real=0.02s
[2021-09-05T11:40:24.234+0900][gc,start      ] GC(31) Pause Young (Normal) (G1 Evacuation Pause)
[2021-09-05T11:40:24.235+0900][gc,task       ] GC(31) Using 8 workers of 8 for evacuation
[2021-09-05T11:40:24.256+0900][gc,mmu        ] GC(31) MMU target violated: 20.8ms (20.0ms/21.0ms)
[2021-09-05T11:40:24.256+0900][gc,phases     ] GC(31)   Pre Evacuate Collection Set: 0.1ms
[2021-09-05T11:40:24.256+0900][gc,phases     ] GC(31)   Evacuate Collection Set: 20.1ms
[2021-09-05T11:40:24.256+0900][gc,phases     ] GC(31)   Post Evacuate Collection Set: 0.3ms
[2021-09-05T11:40:24.256+0900][gc,phases     ] GC(31)   Other: 1.9ms
[2021-09-05T11:40:24.256+0900][gc,heap       ] GC(31) Eden regions: 47->0(49)
[2021-09-05T11:40:24.256+0900][gc,heap       ] GC(31) Survivor regions: 5->4(7)
[2021-09-05T11:40:24.256+0900][gc,heap       ] GC(31) Old regions: 71->74
[2021-09-05T11:40:24.256+0900][gc,heap       ] GC(31) Humongous regions: 129->129
[2021-09-05T11:40:24.256+0900][gc,metaspace  ] GC(31) Metaspace: 51382K->51382K(1095680K)
[2021-09-05T11:40:24.256+0900][gc            ] GC(31) Pause Young (Normal) (G1 Evacuation Pause) 250M->206M(1024M) 22.459ms
[2021-09-05T11:40:24.256+0900][gc,cpu        ] GC(31) User=0.05s Sys=0.01s Real=0.02s
