[2021-09-05T21:38:49.245+0900][gc,heap] Heap region size: 1M
[2021-09-05T21:38:49.251+0900][gc     ] Using G1
[2021-09-05T21:38:49.251+0900][gc,heap,coops] Heap address: 0x00000007c0000000, size: 1024 MB, Compressed Oops mode: Zero based, Oop shift amount: 3
[2021-09-05T21:38:50.373+0900][gc,start     ] GC(0) Pause Young (Concurrent Start) (Metadata GC Threshold)
[2021-09-05T21:38:50.374+0900][gc,task      ] GC(0) Using 8 workers of 8 for evacuation
[2021-09-05T21:38:50.385+0900][gc,phases    ] GC(0)   Pre Evacuate Collection Set: 0.0ms
[2021-09-05T21:38:50.385+0900][gc,phases    ] GC(0)   Evacuate Collection Set: 10.2ms
[2021-09-05T21:38:50.385+0900][gc,phases    ] GC(0)   Post Evacuate Collection Set: 0.4ms
[2021-09-05T21:38:50.385+0900][gc,phases    ] GC(0)   Other: 0.7ms
[2021-09-05T21:38:50.385+0900][gc,heap      ] GC(0) Eden regions: 42->0(44)
[2021-09-05T21:38:50.385+0900][gc,heap      ] GC(0) Survivor regions: 0->7(7)
[2021-09-05T21:38:50.385+0900][gc,heap      ] GC(0) Old regions: 0->0
[2021-09-05T21:38:50.385+0900][gc,heap      ] GC(0) Humongous regions: 0->0
[2021-09-05T21:38:50.385+0900][gc,metaspace ] GC(0) Metaspace: 20697K->20697K(1069056K)
[2021-09-05T21:38:50.385+0900][gc           ] GC(0) Pause Young (Concurrent Start) (Metadata GC Threshold) 41M->6M(1024M) 11.552ms
[2021-09-05T21:38:50.385+0900][gc,cpu       ] GC(0) User=0.02s Sys=0.01s Real=0.01s
[2021-09-05T21:38:50.385+0900][gc           ] GC(1) Concurrent Cycle
[2021-09-05T21:38:50.386+0900][gc,marking   ] GC(1) Concurrent Clear Claimed Marks
[2021-09-05T21:38:50.386+0900][gc,marking   ] GC(1) Concurrent Clear Claimed Marks 0.019ms
[2021-09-05T21:38:50.386+0900][gc,marking   ] GC(1) Concurrent Scan Root Regions
[2021-09-05T21:38:50.388+0900][gc,marking   ] GC(1) Concurrent Scan Root Regions 2.156ms
[2021-09-05T21:38:50.389+0900][gc,marking   ] GC(1) Concurrent Mark (1.152s)
[2021-09-05T21:38:50.389+0900][gc,marking   ] GC(1) Concurrent Mark From Roots
[2021-09-05T21:38:50.389+0900][gc,task      ] GC(1) Using 2 workers of 2 for marking
[2021-09-05T21:38:50.389+0900][gc,marking   ] GC(1) Concurrent Mark From Roots 0.153ms
[2021-09-05T21:38:50.389+0900][gc,marking   ] GC(1) Concurrent Preclean
[2021-09-05T21:38:50.389+0900][gc,marking   ] GC(1) Concurrent Preclean 0.022ms
[2021-09-05T21:38:50.389+0900][gc,marking   ] GC(1) Concurrent Mark (1.152s, 1.152s) 0.209ms
[2021-09-05T21:38:50.389+0900][gc,start     ] GC(1) Pause Remark
[2021-09-05T21:38:50.393+0900][gc,stringtable] GC(1) Cleaned string and symbol table, strings: 7217 processed, 0 removed, symbols: 63406 processed, 32 removed
[2021-09-05T21:38:50.394+0900][gc            ] GC(1) Pause Remark 7M->7M(1024M) 4.358ms
[2021-09-05T21:38:50.394+0900][gc,cpu        ] GC(1) User=0.01s Sys=0.00s Real=0.01s
[2021-09-05T21:38:50.394+0900][gc,marking    ] GC(1) Concurrent Rebuild Remembered Sets
[2021-09-05T21:38:50.394+0900][gc,marking    ] GC(1) Concurrent Rebuild Remembered Sets 0.035ms
[2021-09-05T21:38:50.394+0900][gc,start      ] GC(1) Pause Cleanup
[2021-09-05T21:38:50.394+0900][gc            ] GC(1) Pause Cleanup 7M->7M(1024M) 0.089ms
[2021-09-05T21:38:50.394+0900][gc,cpu        ] GC(1) User=0.00s Sys=0.00s Real=0.00s
[2021-09-05T21:38:50.394+0900][gc,marking    ] GC(1) Concurrent Cleanup for Next Mark
[2021-09-05T21:38:50.397+0900][gc,marking    ] GC(1) Concurrent Cleanup for Next Mark 3.071ms
[2021-09-05T21:38:50.398+0900][gc            ] GC(1) Concurrent Cycle 12.022ms
[2021-09-05T21:38:51.661+0900][gc,start      ] GC(2) Pause Young (Normal) (G1 Evacuation Pause)
[2021-09-05T21:38:51.661+0900][gc,task       ] GC(2) Using 8 workers of 8 for evacuation
[2021-09-05T21:38:51.674+0900][gc,phases     ] GC(2)   Pre Evacuate Collection Set: 0.0ms
[2021-09-05T21:38:51.674+0900][gc,phases     ] GC(2)   Evacuate Collection Set: 12.5ms
[2021-09-05T21:38:51.674+0900][gc,phases     ] GC(2)   Post Evacuate Collection Set: 0.4ms
[2021-09-05T21:38:51.674+0900][gc,phases     ] GC(2)   Other: 0.1ms
[2021-09-05T21:38:51.674+0900][gc,heap       ] GC(2) Eden regions: 44->0(48)
[2021-09-05T21:38:51.674+0900][gc,heap       ] GC(2) Survivor regions: 7->3(7)
[2021-09-05T21:38:51.674+0900][gc,heap       ] GC(2) Old regions: 0->7
[2021-09-05T21:38:51.674+0900][gc,heap       ] GC(2) Humongous regions: 129->129
[2021-09-05T21:38:51.674+0900][gc,metaspace  ] GC(2) Metaspace: 30654K->30654K(1077248K)
[2021-09-05T21:38:51.675+0900][gc            ] GC(2) Pause Young (Normal) (G1 Evacuation Pause) 179M->137M(1024M) 13.227ms
[2021-09-05T21:38:51.675+0900][gc,cpu        ] GC(2) User=0.05s Sys=0.01s Real=0.01s
[2021-09-05T21:38:52.083+0900][gc,start      ] GC(3) Pause Young (Concurrent Start) (Metadata GC Threshold)
[2021-09-05T21:38:52.083+0900][gc,task       ] GC(3) Using 8 workers of 8 for evacuation
[2021-09-05T21:38:52.087+0900][gc,phases     ] GC(3)   Pre Evacuate Collection Set: 0.1ms
[2021-09-05T21:38:52.088+0900][gc,phases     ] GC(3)   Evacuate Collection Set: 4.4ms
[2021-09-05T21:38:52.088+0900][gc,phases     ] GC(3)   Post Evacuate Collection Set: 0.3ms
[2021-09-05T21:38:52.088+0900][gc,phases     ] GC(3)   Other: 0.1ms
[2021-09-05T21:38:52.088+0900][gc,heap       ] GC(3) Eden regions: 22->0(47)
[2021-09-05T21:38:52.088+0900][gc,heap       ] GC(3) Survivor regions: 3->4(7)
[2021-09-05T21:38:52.088+0900][gc,heap       ] GC(3) Old regions: 7->7
[2021-09-05T21:38:52.088+0900][gc,heap       ] GC(3) Humongous regions: 129->129
[2021-09-05T21:38:52.088+0900][gc,metaspace  ] GC(3) Metaspace: 34677K->34677K(1081344K)
[2021-09-05T21:38:52.088+0900][gc            ] GC(3) Pause Young (Concurrent Start) (Metadata GC Threshold) 159M->139M(1024M) 4.939ms
[2021-09-05T21:38:52.088+0900][gc,cpu        ] GC(3) User=0.03s Sys=0.01s Real=0.00s
[2021-09-05T21:38:52.088+0900][gc            ] GC(4) Concurrent Cycle
[2021-09-05T21:38:52.088+0900][gc,marking    ] GC(4) Concurrent Clear Claimed Marks
[2021-09-05T21:38:52.088+0900][gc,marking    ] GC(4) Concurrent Clear Claimed Marks 0.034ms
[2021-09-05T21:38:52.088+0900][gc,marking    ] GC(4) Concurrent Scan Root Regions
[2021-09-05T21:38:52.089+0900][gc,marking    ] GC(4) Concurrent Scan Root Regions 1.570ms
[2021-09-05T21:38:52.089+0900][gc,marking    ] GC(4) Concurrent Mark (2.852s)
[2021-09-05T21:38:52.089+0900][gc,marking    ] GC(4) Concurrent Mark From Roots
[2021-09-05T21:38:52.089+0900][gc,task       ] GC(4) Using 2 workers of 2 for marking
[2021-09-05T21:38:52.093+0900][gc,marking    ] GC(4) Concurrent Mark From Roots 3.903ms
[2021-09-05T21:38:52.093+0900][gc,marking    ] GC(4) Concurrent Preclean
[2021-09-05T21:38:52.093+0900][gc,marking    ] GC(4) Concurrent Preclean 0.088ms
[2021-09-05T21:38:52.093+0900][gc,marking    ] GC(4) Concurrent Mark (2.852s, 2.856s) 4.092ms
[2021-09-05T21:38:52.094+0900][gc,start      ] GC(4) Pause Remark
[2021-09-05T21:38:52.101+0900][gc,stringtable] GC(4) Cleaned string and symbol table, strings: 11682 processed, 9 removed, symbols: 93690 processed, 29 removed
[2021-09-05T21:38:52.101+0900][gc            ] GC(4) Pause Remark 139M->139M(1024M) 7.207ms
[2021-09-05T21:38:52.101+0900][gc,cpu        ] GC(4) User=0.01s Sys=0.01s Real=0.01s
[2021-09-05T21:38:52.101+0900][gc,marking    ] GC(4) Concurrent Rebuild Remembered Sets
[2021-09-05T21:38:52.103+0900][gc,marking    ] GC(4) Concurrent Rebuild Remembered Sets 2.060ms
[2021-09-05T21:38:52.103+0900][gc,start      ] GC(4) Pause Cleanup
[2021-09-05T21:38:52.103+0900][gc            ] GC(4) Pause Cleanup 139M->139M(1024M) 0.076ms
[2021-09-05T21:38:52.103+0900][gc,cpu        ] GC(4) User=0.00s Sys=0.00s Real=0.00s
[2021-09-05T21:38:52.103+0900][gc,marking    ] GC(4) Concurrent Cleanup for Next Mark
[2021-09-05T21:38:52.109+0900][gc,marking    ] GC(4) Concurrent Cleanup for Next Mark 5.960ms
[2021-09-05T21:38:52.109+0900][gc            ] GC(4) Concurrent Cycle 21.539ms
[2021-09-05T21:39:25.639+0900][gc,start      ] GC(5) Pause Young (Normal) (G1 Evacuation Pause)
[2021-09-05T21:39:25.639+0900][gc,task       ] GC(5) Using 8 workers of 8 for evacuation
[2021-09-05T21:39:25.649+0900][gc,phases     ] GC(5)   Pre Evacuate Collection Set: 0.0ms
[2021-09-05T21:39:25.649+0900][gc,phases     ] GC(5)   Evacuate Collection Set: 9.3ms
[2021-09-05T21:39:25.649+0900][gc,phases     ] GC(5)   Post Evacuate Collection Set: 0.5ms
[2021-09-05T21:39:25.649+0900][gc,phases     ] GC(5)   Other: 0.1ms
[2021-09-05T21:39:25.649+0900][gc,heap       ] GC(5) Eden regions: 47->0(46)
[2021-09-05T21:39:25.649+0900][gc,heap       ] GC(5) Survivor regions: 4->5(7)
[2021-09-05T21:39:25.649+0900][gc,heap       ] GC(5) Old regions: 7->9
[2021-09-05T21:39:25.649+0900][gc,heap       ] GC(5) Humongous regions: 129->129
[2021-09-05T21:39:25.649+0900][gc,metaspace  ] GC(5) Metaspace: 44273K->44273K(1089536K)
[2021-09-05T21:39:25.649+0900][gc            ] GC(5) Pause Young (Normal) (G1 Evacuation Pause) 186M->142M(1024M) 10.052ms
[2021-09-05T21:39:25.649+0900][gc,cpu        ] GC(5) User=0.04s Sys=0.01s Real=0.01s
[2021-09-05T21:39:36.264+0900][gc,start      ] GC(6) Pause Young (Normal) (G1 Evacuation Pause)
[2021-09-05T21:39:36.264+0900][gc,task       ] GC(6) Using 8 workers of 8 for evacuation
[2021-09-05T21:39:36.280+0900][gc,phases     ] GC(6)   Pre Evacuate Collection Set: 0.0ms
[2021-09-05T21:39:36.280+0900][gc,phases     ] GC(6)   Evacuate Collection Set: 14.8ms
[2021-09-05T21:39:36.280+0900][gc,phases     ] GC(6)   Post Evacuate Collection Set: 0.9ms
[2021-09-05T21:39:36.280+0900][gc,phases     ] GC(6)   Other: 0.3ms
[2021-09-05T21:39:36.280+0900][gc,heap       ] GC(6) Eden regions: 46->0(44)
[2021-09-05T21:39:36.280+0900][gc,heap       ] GC(6) Survivor regions: 5->7(7)
[2021-09-05T21:39:36.280+0900][gc,heap       ] GC(6) Old regions: 9->11
[2021-09-05T21:39:36.280+0900][gc,heap       ] GC(6) Humongous regions: 129->129
[2021-09-05T21:39:36.280+0900][gc,metaspace  ] GC(6) Metaspace: 49102K->49102K(1093632K)
[2021-09-05T21:39:36.280+0900][gc            ] GC(6) Pause Young (Normal) (G1 Evacuation Pause) 188M->145M(1024M) 16.187ms
[2021-09-05T21:39:36.280+0900][gc,cpu        ] GC(6) User=0.07s Sys=0.01s Real=0.02s
[2021-09-05T21:42:27.850+0900][gc,start      ] GC(7) Pause Young (Normal) (G1 Evacuation Pause)
[2021-09-05T21:42:27.851+0900][gc,task       ] GC(7) Using 8 workers of 8 for evacuation
[2021-09-05T21:42:27.881+0900][gc,mmu        ] GC(7) MMU target violated: 21.0ms (20.0ms/21.0ms)
[2021-09-05T21:42:27.881+0900][gc,phases     ] GC(7)   Pre Evacuate Collection Set: 0.6ms
[2021-09-05T21:42:27.881+0900][gc,phases     ] GC(7)   Evacuate Collection Set: 28.6ms
[2021-09-05T21:42:27.881+0900][gc,phases     ] GC(7)   Post Evacuate Collection Set: 0.8ms
[2021-09-05T21:42:27.881+0900][gc,phases     ] GC(7)   Other: 1.4ms
[2021-09-05T21:42:27.881+0900][gc,heap       ] GC(7) Eden regions: 44->0(46)
[2021-09-05T21:42:27.881+0900][gc,heap       ] GC(7) Survivor regions: 7->5(7)
[2021-09-05T21:42:27.881+0900][gc,heap       ] GC(7) Old regions: 11->14
[2021-09-05T21:42:27.881+0900][gc,heap       ] GC(7) Humongous regions: 129->129
[2021-09-05T21:42:27.881+0900][gc,metaspace  ] GC(7) Metaspace: 50358K->50358K(1095680K)
[2021-09-05T21:42:27.881+0900][gc            ] GC(7) Pause Young (Normal) (G1 Evacuation Pause) 189M->147M(1024M) 31.456ms
[2021-09-05T21:42:27.881+0900][gc,cpu        ] GC(7) User=0.06s Sys=0.04s Real=0.03s
[2021-09-05T21:45:40.664+0900][gc,start      ] GC(8) Pause Young (Normal) (G1 Evacuation Pause)
[2021-09-05T21:45:40.665+0900][gc,task       ] GC(8) Using 8 workers of 8 for evacuation
[2021-09-05T21:45:40.696+0900][gc,mmu        ] GC(8) MMU target violated: 21.0ms (20.0ms/21.0ms)
[2021-09-05T21:45:40.696+0900][gc,phases     ] GC(8)   Pre Evacuate Collection Set: 1.0ms
[2021-09-05T21:45:40.696+0900][gc,phases     ] GC(8)   Evacuate Collection Set: 27.9ms
[2021-09-05T21:45:40.696+0900][gc,phases     ] GC(8)   Post Evacuate Collection Set: 1.1ms
[2021-09-05T21:45:40.696+0900][gc,phases     ] GC(8)   Other: 2.3ms
[2021-09-05T21:45:40.696+0900][gc,heap       ] GC(8) Eden regions: 46->0(47)
[2021-09-05T21:45:40.696+0900][gc,heap       ] GC(8) Survivor regions: 5->4(7)
[2021-09-05T21:45:40.696+0900][gc,heap       ] GC(8) Old regions: 14->17
[2021-09-05T21:45:40.696+0900][gc,heap       ] GC(8) Humongous regions: 129->129
[2021-09-05T21:45:40.696+0900][gc,metaspace  ] GC(8) Metaspace: 50444K->50444K(1095680K)
[2021-09-05T21:45:40.696+0900][gc            ] GC(8) Pause Young (Normal) (G1 Evacuation Pause) 193M->149M(1024M) 32.428ms
[2021-09-05T21:45:40.696+0900][gc,cpu        ] GC(8) User=0.09s Sys=0.03s Real=0.03s
[2021-09-05T21:49:00.336+0900][gc,start      ] GC(9) Pause Young (Normal) (G1 Evacuation Pause)
[2021-09-05T21:49:00.337+0900][gc,task       ] GC(9) Using 8 workers of 8 for evacuation
[2021-09-05T21:49:00.363+0900][gc,mmu        ] GC(9) MMU target violated: 21.0ms (20.0ms/21.0ms)
[2021-09-05T21:49:00.363+0900][gc,phases     ] GC(9)   Pre Evacuate Collection Set: 0.9ms
[2021-09-05T21:49:00.363+0900][gc,phases     ] GC(9)   Evacuate Collection Set: 23.4ms
[2021-09-05T21:49:00.363+0900][gc,phases     ] GC(9)   Post Evacuate Collection Set: 0.8ms
[2021-09-05T21:49:00.363+0900][gc,phases     ] GC(9)   Other: 1.8ms
[2021-09-05T21:49:00.363+0900][gc,heap       ] GC(9) Eden regions: 47->0(48)
[2021-09-05T21:49:00.363+0900][gc,heap       ] GC(9) Survivor regions: 4->3(7)
[2021-09-05T21:49:00.363+0900][gc,heap       ] GC(9) Old regions: 17->17
[2021-09-05T21:49:00.363+0900][gc,heap       ] GC(9) Humongous regions: 129->129
[2021-09-05T21:49:00.363+0900][gc,metaspace  ] GC(9) Metaspace: 50553K->50553K(1095680K)
[2021-09-05T21:49:00.363+0900][gc            ] GC(9) Pause Young (Normal) (G1 Evacuation Pause) 196M->148M(1024M) 27.106ms
[2021-09-05T21:49:00.363+0900][gc,cpu        ] GC(9) User=0.07s Sys=0.02s Real=0.03s
[2021-09-05T21:52:31.315+0900][gc,start      ] GC(10) Pause Young (Normal) (G1 Evacuation Pause)
[2021-09-05T21:52:31.316+0900][gc,task       ] GC(10) Using 8 workers of 8 for evacuation
[2021-09-05T21:52:31.339+0900][gc,mmu        ] GC(10) MMU target violated: 21.0ms (20.0ms/21.0ms)
[2021-09-05T21:52:31.339+0900][gc,phases     ] GC(10)   Pre Evacuate Collection Set: 0.6ms
[2021-09-05T21:52:31.339+0900][gc,phases     ] GC(10)   Evacuate Collection Set: 21.3ms
[2021-09-05T21:52:31.339+0900][gc,phases     ] GC(10)   Post Evacuate Collection Set: 0.7ms
[2021-09-05T21:52:31.339+0900][gc,phases     ] GC(10)   Other: 1.0ms
[2021-09-05T21:52:31.339+0900][gc,heap       ] GC(10) Eden regions: 48->0(45)
[2021-09-05T21:52:31.339+0900][gc,heap       ] GC(10) Survivor regions: 3->6(7)
[2021-09-05T21:52:31.339+0900][gc,heap       ] GC(10) Old regions: 17->17
[2021-09-05T21:52:31.339+0900][gc,heap       ] GC(10) Humongous regions: 129->129
[2021-09-05T21:52:31.339+0900][gc,metaspace  ] GC(10) Metaspace: 50619K->50619K(1095680K)
[2021-09-05T21:52:31.339+0900][gc            ] GC(10) Pause Young (Normal) (G1 Evacuation Pause) 196M->150M(1024M) 23.731ms
[2021-09-05T21:52:31.339+0900][gc,cpu        ] GC(10) User=0.04s Sys=0.01s Real=0.02s
[2021-09-05T21:55:50.368+0900][gc,start      ] GC(11) Pause Young (Normal) (G1 Evacuation Pause)
[2021-09-05T21:55:50.369+0900][gc,task       ] GC(11) Using 8 workers of 8 for evacuation
[2021-09-05T21:55:50.392+0900][gc,mmu        ] GC(11) MMU target violated: 21.0ms (20.0ms/21.0ms)
[2021-09-05T21:55:50.392+0900][gc,phases     ] GC(11)   Pre Evacuate Collection Set: 1.4ms
[2021-09-05T21:55:50.392+0900][gc,phases     ] GC(11)   Evacuate Collection Set: 19.9ms
[2021-09-05T21:55:50.392+0900][gc,phases     ] GC(11)   Post Evacuate Collection Set: 0.7ms
[2021-09-05T21:55:50.392+0900][gc,phases     ] GC(11)   Other: 2.1ms
[2021-09-05T21:55:50.392+0900][gc,heap       ] GC(11) Eden regions: 45->0(48)
[2021-09-05T21:55:50.392+0900][gc,heap       ] GC(11) Survivor regions: 6->3(7)
[2021-09-05T21:55:50.392+0900][gc,heap       ] GC(11) Old regions: 17->19
[2021-09-05T21:55:50.392+0900][gc,heap       ] GC(11) Humongous regions: 129->129
[2021-09-05T21:55:50.392+0900][gc,metaspace  ] GC(11) Metaspace: 50629K->50629K(1095680K)
[2021-09-05T21:55:50.392+0900][gc            ] GC(11) Pause Young (Normal) (G1 Evacuation Pause) 195M->150M(1024M) 24.177ms
[2021-09-05T21:55:50.392+0900][gc,cpu        ] GC(11) User=0.05s Sys=0.02s Real=0.03s
[2021-09-05T21:59:24.063+0900][gc,start      ] GC(12) Pause Young (Normal) (G1 Evacuation Pause)
[2021-09-05T21:59:24.064+0900][gc,task       ] GC(12) Using 8 workers of 8 for evacuation
[2021-09-05T21:59:24.077+0900][gc,phases     ] GC(12)   Pre Evacuate Collection Set: 0.1ms
[2021-09-05T21:59:24.077+0900][gc,phases     ] GC(12)   Evacuate Collection Set: 11.1ms
[2021-09-05T21:59:24.077+0900][gc,phases     ] GC(12)   Post Evacuate Collection Set: 0.7ms
[2021-09-05T21:59:24.077+0900][gc,phases     ] GC(12)   Other: 1.7ms
[2021-09-05T21:59:24.077+0900][gc,heap       ] GC(12) Eden regions: 48->0(48)
[2021-09-05T21:59:24.077+0900][gc,heap       ] GC(12) Survivor regions: 3->5(7)
[2021-09-05T21:59:24.077+0900][gc,heap       ] GC(12) Old regions: 19->19
[2021-09-05T21:59:24.077+0900][gc,heap       ] GC(12) Humongous regions: 129->129
[2021-09-05T21:59:24.077+0900][gc,metaspace  ] GC(12) Metaspace: 50654K->50654K(1095680K)
[2021-09-05T21:59:24.077+0900][gc            ] GC(12) Pause Young (Normal) (G1 Evacuation Pause) 198M->152M(1024M) 13.942ms
[2021-09-05T21:59:24.077+0900][gc,cpu        ] GC(12) User=0.03s Sys=0.01s Real=0.01s
[2021-09-05T22:03:00.134+0900][gc,start      ] GC(13) Pause Young (Normal) (G1 Evacuation Pause)
[2021-09-05T22:03:00.135+0900][gc,task       ] GC(13) Using 8 workers of 8 for evacuation
[2021-09-05T22:03:00.155+0900][gc,phases     ] GC(13)   Pre Evacuate Collection Set: 1.0ms
[2021-09-05T22:03:00.155+0900][gc,phases     ] GC(13)   Evacuate Collection Set: 17.6ms
[2021-09-05T22:03:00.155+0900][gc,phases     ] GC(13)   Post Evacuate Collection Set: 0.6ms
[2021-09-05T22:03:00.155+0900][gc,phases     ] GC(13)   Other: 1.9ms
[2021-09-05T22:03:00.155+0900][gc,heap       ] GC(13) Eden regions: 48->0(48)
[2021-09-05T22:03:00.155+0900][gc,heap       ] GC(13) Survivor regions: 5->7(7)
[2021-09-05T22:03:00.155+0900][gc,heap       ] GC(13) Old regions: 19->21
[2021-09-05T22:03:00.155+0900][gc,heap       ] GC(13) Humongous regions: 129->129
[2021-09-05T22:03:00.155+0900][gc,metaspace  ] GC(13) Metaspace: 50666K->50666K(1095680K)
[2021-09-05T22:03:00.155+0900][gc            ] GC(13) Pause Young (Normal) (G1 Evacuation Pause) 200M->156M(1024M) 21.297ms
[2021-09-05T22:03:00.155+0900][gc,cpu        ] GC(13) User=0.05s Sys=0.02s Real=0.02s
[2021-09-05T22:06:15.330+0900][gc,start      ] GC(14) Pause Young (Normal) (G1 Evacuation Pause)
[2021-09-05T22:06:15.332+0900][gc,task       ] GC(14) Using 8 workers of 8 for evacuation
[2021-09-05T22:06:15.353+0900][gc,mmu        ] GC(14) MMU target violated: 21.0ms (20.0ms/21.0ms)
[2021-09-05T22:06:15.353+0900][gc,phases     ] GC(14)   Pre Evacuate Collection Set: 0.2ms
[2021-09-05T22:06:15.353+0900][gc,phases     ] GC(14)   Evacuate Collection Set: 20.1ms
[2021-09-05T22:06:15.353+0900][gc,phases     ] GC(14)   Post Evacuate Collection Set: 0.5ms
[2021-09-05T22:06:15.353+0900][gc,phases     ] GC(14)   Other: 2.2ms
[2021-09-05T22:06:15.354+0900][gc,heap       ] GC(14) Eden regions: 44->0(47)
[2021-09-05T22:06:15.354+0900][gc,heap       ] GC(14) Survivor regions: 7->4(7)
[2021-09-05T22:06:15.354+0900][gc,heap       ] GC(14) Old regions: 21->26
[2021-09-05T22:06:15.354+0900][gc,heap       ] GC(14) Humongous regions: 129->129
[2021-09-05T22:06:15.354+0900][gc,metaspace  ] GC(14) Metaspace: 50693K->50693K(1095680K)
[2021-09-05T22:06:15.354+0900][gc            ] GC(14) Pause Young (Normal) (G1 Evacuation Pause) 200M->157M(1024M) 23.409ms
[2021-09-05T22:06:15.354+0900][gc,cpu        ] GC(14) User=0.07s Sys=0.01s Real=0.02s
[2021-09-05T22:09:43.624+0900][gc,start      ] GC(15) Pause Young (Normal) (G1 Evacuation Pause)
[2021-09-05T22:09:43.626+0900][gc,task       ] GC(15) Using 8 workers of 8 for evacuation
[2021-09-05T22:09:43.647+0900][gc,mmu        ] GC(15) MMU target violated: 20.1ms (20.0ms/21.0ms)
[2021-09-05T22:09:43.647+0900][gc,phases     ] GC(15)   Pre Evacuate Collection Set: 0.7ms
[2021-09-05T22:09:43.647+0900][gc,phases     ] GC(15)   Evacuate Collection Set: 18.5ms
[2021-09-05T22:09:43.647+0900][gc,phases     ] GC(15)   Post Evacuate Collection Set: 0.6ms
[2021-09-05T22:09:43.647+0900][gc,phases     ] GC(15)   Other: 2.9ms
[2021-09-05T22:09:43.647+0900][gc,heap       ] GC(15) Eden regions: 47->0(46)
[2021-09-05T22:09:43.647+0900][gc,heap       ] GC(15) Survivor regions: 4->6(7)
[2021-09-05T22:09:43.647+0900][gc,heap       ] GC(15) Old regions: 26->26
[2021-09-05T22:09:43.647+0900][gc,heap       ] GC(15) Humongous regions: 129->129
[2021-09-05T22:09:43.647+0900][gc,metaspace  ] GC(15) Metaspace: 50703K->50703K(1095680K)
[2021-09-05T22:09:43.647+0900][gc            ] GC(15) Pause Young (Normal) (G1 Evacuation Pause) 204M->159M(1024M) 22.741ms
[2021-09-05T22:09:43.647+0900][gc,cpu        ] GC(15) User=0.06s Sys=0.02s Real=0.02s
[2021-09-05T22:13:06.039+0900][gc,start      ] GC(16) Pause Young (Normal) (G1 Evacuation Pause)
[2021-09-05T22:13:06.040+0900][gc,task       ] GC(16) Using 8 workers of 8 for evacuation
[2021-09-05T22:13:06.055+0900][gc,phases     ] GC(16)   Pre Evacuate Collection Set: 0.2ms
[2021-09-05T22:13:06.055+0900][gc,phases     ] GC(16)   Evacuate Collection Set: 13.6ms
[2021-09-05T22:13:06.055+0900][gc,phases     ] GC(16)   Post Evacuate Collection Set: 0.5ms
[2021-09-05T22:13:06.055+0900][gc,phases     ] GC(16)   Other: 1.7ms
[2021-09-05T22:13:06.055+0900][gc,heap       ] GC(16) Eden regions: 45->0(45)
[2021-09-05T22:13:06.055+0900][gc,heap       ] GC(16) Survivor regions: 6->7(7)
[2021-09-05T22:13:06.055+0900][gc,heap       ] GC(16) Old regions: 26->28
[2021-09-05T22:13:06.055+0900][gc,heap       ] GC(16) Humongous regions: 129->129
[2021-09-05T22:13:06.055+0900][gc,metaspace  ] GC(16) Metaspace: 50715K->50715K(1095680K)
[2021-09-05T22:13:06.055+0900][gc            ] GC(16) Pause Young (Normal) (G1 Evacuation Pause) 204M->163M(1024M) 16.091ms
[2021-09-05T22:13:06.055+0900][gc,cpu        ] GC(16) User=0.05s Sys=0.01s Real=0.02s
[2021-09-05T22:16:21.145+0900][gc,start      ] GC(17) Pause Young (Normal) (G1 Evacuation Pause)
[2021-09-05T22:16:21.146+0900][gc,task       ] GC(17) Using 8 workers of 8 for evacuation
[2021-09-05T22:16:21.168+0900][gc,mmu        ] GC(17) MMU target violated: 20.8ms (20.0ms/21.0ms)
[2021-09-05T22:16:21.168+0900][gc,phases     ] GC(17)   Pre Evacuate Collection Set: 1.2ms
[2021-09-05T22:16:21.168+0900][gc,phases     ] GC(17)   Evacuate Collection Set: 18.5ms
[2021-09-05T22:16:21.168+0900][gc,phases     ] GC(17)   Post Evacuate Collection Set: 0.7ms
[2021-09-05T22:16:21.168+0900][gc,phases     ] GC(17)   Other: 2.3ms
[2021-09-05T22:16:21.168+0900][gc,heap       ] GC(17) Eden regions: 44->0(48)
[2021-09-05T22:16:21.168+0900][gc,heap       ] GC(17) Survivor regions: 7->4(7)
[2021-09-05T22:16:21.168+0900][gc,heap       ] GC(17) Old regions: 28->33
[2021-09-05T22:16:21.168+0900][gc,heap       ] GC(17) Humongous regions: 129->129
[2021-09-05T22:16:21.168+0900][gc,metaspace  ] GC(17) Metaspace: 50731K->50731K(1095680K)
[2021-09-05T22:16:21.168+0900][gc            ] GC(17) Pause Young (Normal) (G1 Evacuation Pause) 207M->164M(1024M) 22.775ms
[2021-09-05T22:16:21.168+0900][gc,cpu        ] GC(17) User=0.06s Sys=0.02s Real=0.02s
[2021-09-05T22:19:53.008+0900][gc,start      ] GC(18) Pause Young (Normal) (G1 Evacuation Pause)
[2021-09-05T22:19:53.008+0900][gc,task       ] GC(18) Using 8 workers of 8 for evacuation
[2021-09-05T22:19:53.032+0900][gc,mmu        ] GC(18) MMU target violated: 21.0ms (20.0ms/21.0ms)
[2021-09-05T22:19:53.032+0900][gc,phases     ] GC(18)   Pre Evacuate Collection Set: 0.9ms
[2021-09-05T22:19:53.032+0900][gc,phases     ] GC(18)   Evacuate Collection Set: 21.0ms
[2021-09-05T22:19:53.032+0900][gc,phases     ] GC(18)   Post Evacuate Collection Set: 0.8ms
[2021-09-05T22:19:53.032+0900][gc,phases     ] GC(18)   Other: 1.3ms
[2021-09-05T22:19:53.032+0900][gc,heap       ] GC(18) Eden regions: 48->0(44)
[2021-09-05T22:19:53.032+0900][gc,heap       ] GC(18) Survivor regions: 4->7(7)
[2021-09-05T22:19:53.032+0900][gc,heap       ] GC(18) Old regions: 33->33
[2021-09-05T22:19:53.032+0900][gc,heap       ] GC(18) Humongous regions: 129->129
[2021-09-05T22:19:53.032+0900][gc,metaspace  ] GC(18) Metaspace: 50747K->50747K(1095680K)
[2021-09-05T22:19:53.032+0900][gc            ] GC(18) Pause Young (Normal) (G1 Evacuation Pause) 212M->168M(1024M) 24.200ms
[2021-09-05T22:19:53.032+0900][gc,cpu        ] GC(18) User=0.05s Sys=0.03s Real=0.03s
[2021-09-05T22:23:07.501+0900][gc,start      ] GC(19) Pause Young (Normal) (G1 Evacuation Pause)
[2021-09-05T22:23:07.502+0900][gc,task       ] GC(19) Using 8 workers of 8 for evacuation
[2021-09-05T22:23:07.519+0900][gc,phases     ] GC(19)   Pre Evacuate Collection Set: 0.8ms
[2021-09-05T22:23:07.519+0900][gc,phases     ] GC(19)   Evacuate Collection Set: 15.3ms
[2021-09-05T22:23:07.519+0900][gc,phases     ] GC(19)   Post Evacuate Collection Set: 0.5ms
[2021-09-05T22:23:07.519+0900][gc,phases     ] GC(19)   Other: 1.5ms
[2021-09-05T22:23:07.519+0900][gc,heap       ] GC(19) Eden regions: 44->0(47)
[2021-09-05T22:23:07.519+0900][gc,heap       ] GC(19) Survivor regions: 7->4(7)
[2021-09-05T22:23:07.519+0900][gc,heap       ] GC(19) Old regions: 33->38
[2021-09-05T22:23:07.519+0900][gc,heap       ] GC(19) Humongous regions: 129->129
[2021-09-05T22:23:07.519+0900][gc,metaspace  ] GC(19) Metaspace: 50768K->50768K(1095680K)
[2021-09-05T22:23:07.519+0900][gc            ] GC(19) Pause Young (Normal) (G1 Evacuation Pause) 212M->170M(1024M) 18.244ms
[2021-09-05T22:23:07.519+0900][gc,cpu        ] GC(19) User=0.05s Sys=0.03s Real=0.01s
[2021-09-05T22:26:35.826+0900][gc,start      ] GC(20) Pause Young (Normal) (G1 Evacuation Pause)
[2021-09-05T22:26:35.826+0900][gc,task       ] GC(20) Using 8 workers of 8 for evacuation
[2021-09-05T22:26:35.842+0900][gc,phases     ] GC(20)   Pre Evacuate Collection Set: 0.2ms
[2021-09-05T22:26:35.842+0900][gc,phases     ] GC(20)   Evacuate Collection Set: 14.4ms
[2021-09-05T22:26:35.842+0900][gc,phases     ] GC(20)   Post Evacuate Collection Set: 0.5ms
[2021-09-05T22:26:35.842+0900][gc,phases     ] GC(20)   Other: 0.9ms
[2021-09-05T22:26:35.842+0900][gc,heap       ] GC(20) Eden regions: 47->0(47)
[2021-09-05T22:26:35.842+0900][gc,heap       ] GC(20) Survivor regions: 4->6(7)
[2021-09-05T22:26:35.842+0900][gc,heap       ] GC(20) Old regions: 38->38
[2021-09-05T22:26:35.842+0900][gc,heap       ] GC(20) Humongous regions: 129->129
[2021-09-05T22:26:35.842+0900][gc,metaspace  ] GC(20) Metaspace: 50779K->50779K(1095680K)
[2021-09-05T22:26:35.842+0900][gc            ] GC(20) Pause Young (Normal) (G1 Evacuation Pause) 217M->172M(1024M) 16.381ms
[2021-09-05T22:26:35.842+0900][gc,cpu        ] GC(20) User=0.04s Sys=0.01s Real=0.02s
[2021-09-05T22:29:55.458+0900][gc,start      ] GC(21) Pause Young (Normal) (G1 Evacuation Pause)
[2021-09-05T22:29:55.459+0900][gc,task       ] GC(21) Using 8 workers of 8 for evacuation
[2021-09-05T22:29:55.487+0900][gc,mmu        ] GC(21) MMU target violated: 21.0ms (20.0ms/21.0ms)
[2021-09-05T22:29:55.487+0900][gc,phases     ] GC(21)   Pre Evacuate Collection Set: 1.4ms
[2021-09-05T22:29:55.487+0900][gc,phases     ] GC(21)   Evacuate Collection Set: 24.1ms
[2021-09-05T22:29:55.487+0900][gc,phases     ] GC(21)   Post Evacuate Collection Set: 1.2ms
[2021-09-05T22:29:55.487+0900][gc,phases     ] GC(21)   Other: 2.3ms
[2021-09-05T22:29:55.487+0900][gc,heap       ] GC(21) Eden regions: 45->0(44)
[2021-09-05T22:29:55.487+0900][gc,heap       ] GC(21) Survivor regions: 6->7(7)
[2021-09-05T22:29:55.487+0900][gc,heap       ] GC(21) Old regions: 38->41
[2021-09-05T22:29:55.487+0900][gc,heap       ] GC(21) Humongous regions: 129->129
[2021-09-05T22:29:55.487+0900][gc,metaspace  ] GC(21) Metaspace: 50789K->50789K(1095680K)
[2021-09-05T22:29:55.487+0900][gc            ] GC(21) Pause Young (Normal) (G1 Evacuation Pause) 217M->176M(1024M) 29.129ms
[2021-09-05T22:29:55.487+0900][gc,cpu        ] GC(21) User=0.08s Sys=0.04s Real=0.03s
[2021-09-05T22:33:10.278+0900][gc,start      ] GC(22) Pause Young (Normal) (G1 Evacuation Pause)
[2021-09-05T22:33:10.279+0900][gc,task       ] GC(22) Using 8 workers of 8 for evacuation
[2021-09-05T22:33:10.306+0900][gc,mmu        ] GC(22) MMU target violated: 21.0ms (20.0ms/21.0ms)
[2021-09-05T22:33:10.306+0900][gc,phases     ] GC(22)   Pre Evacuate Collection Set: 1.2ms
[2021-09-05T22:33:10.306+0900][gc,phases     ] GC(22)   Evacuate Collection Set: 23.7ms
[2021-09-05T22:33:10.306+0900][gc,phases     ] GC(22)   Post Evacuate Collection Set: 0.8ms
[2021-09-05T22:33:10.306+0900][gc,phases     ] GC(22)   Other: 3.0ms
[2021-09-05T22:33:10.306+0900][gc,heap       ] GC(22) Eden regions: 44->0(48)
[2021-09-05T22:33:10.306+0900][gc,heap       ] GC(22) Survivor regions: 7->4(7)
[2021-09-05T22:33:10.306+0900][gc,heap       ] GC(22) Old regions: 41->46
[2021-09-05T22:33:10.306+0900][gc,heap       ] GC(22) Humongous regions: 129->129
[2021-09-05T22:33:10.306+0900][gc,metaspace  ] GC(22) Metaspace: 50807K->50807K(1095680K)
[2021-09-05T22:33:10.307+0900][gc            ] GC(22) Pause Young (Normal) (G1 Evacuation Pause) 220M->177M(1024M) 28.840ms
[2021-09-05T22:33:10.307+0900][gc,cpu        ] GC(22) User=0.06s Sys=0.03s Real=0.03s
[2021-09-05T22:36:38.414+0900][gc,start      ] GC(23) Pause Young (Normal) (G1 Evacuation Pause)
[2021-09-05T22:36:38.415+0900][gc,task       ] GC(23) Using 8 workers of 8 for evacuation
[2021-09-05T22:36:38.436+0900][gc,mmu        ] GC(23) MMU target violated: 20.6ms (20.0ms/21.0ms)
[2021-09-05T22:36:38.436+0900][gc,phases     ] GC(23)   Pre Evacuate Collection Set: 0.1ms
[2021-09-05T22:36:38.436+0900][gc,phases     ] GC(23)   Evacuate Collection Set: 19.6ms
[2021-09-05T22:36:38.436+0900][gc,phases     ] GC(23)   Post Evacuate Collection Set: 0.6ms
[2021-09-05T22:36:38.436+0900][gc,phases     ] GC(23)   Other: 1.7ms
[2021-09-05T22:36:38.436+0900][gc,heap       ] GC(23) Eden regions: 47->0(44)
[2021-09-05T22:36:38.436+0900][gc,heap       ] GC(23) Survivor regions: 4->7(7)
[2021-09-05T22:36:38.436+0900][gc,heap       ] GC(23) Old regions: 46->46
[2021-09-05T22:36:38.436+0900][gc,heap       ] GC(23) Humongous regions: 129->129
[2021-09-05T22:36:38.436+0900][gc,metaspace  ] GC(23) Metaspace: 50808K->50808K(1095680K)
[2021-09-05T22:36:38.436+0900][gc            ] GC(23) Pause Young (Normal) (G1 Evacuation Pause) 224M->181M(1024M) 22.153ms
[2021-09-05T22:36:38.436+0900][gc,cpu        ] GC(23) User=0.04s Sys=0.01s Real=0.02s
[2021-09-05T22:39:38.518+0900][gc,start      ] GC(24) Pause Young (Normal) (G1 Evacuation Pause)
[2021-09-05T22:39:38.518+0900][gc,task       ] GC(24) Using 8 workers of 8 for evacuation
[2021-09-05T22:39:38.541+0900][gc,mmu        ] GC(24) MMU target violated: 21.0ms (20.0ms/21.0ms)
[2021-09-05T22:39:38.541+0900][gc,phases     ] GC(24)   Pre Evacuate Collection Set: 0.5ms
[2021-09-05T22:39:38.541+0900][gc,phases     ] GC(24)   Evacuate Collection Set: 21.4ms
[2021-09-05T22:39:38.541+0900][gc,phases     ] GC(24)   Post Evacuate Collection Set: 0.4ms
[2021-09-05T22:39:38.541+0900][gc,phases     ] GC(24)   Other: 1.3ms
[2021-09-05T22:39:38.541+0900][gc,heap       ] GC(24) Eden regions: 44->0(46)
[2021-09-05T22:39:38.541+0900][gc,heap       ] GC(24) Survivor regions: 7->5(7)
[2021-09-05T22:39:38.541+0900][gc,heap       ] GC(24) Old regions: 46->51
[2021-09-05T22:39:38.541+0900][gc,heap       ] GC(24) Humongous regions: 129->129
[2021-09-05T22:39:38.541+0900][gc,metaspace  ] GC(24) Metaspace: 50851K->50851K(1095680K)
[2021-09-05T22:39:38.541+0900][gc            ] GC(24) Pause Young (Normal) (G1 Evacuation Pause) 225M->183M(1024M) 23.706ms
[2021-09-05T22:39:38.541+0900][gc,cpu        ] GC(24) User=0.06s Sys=0.03s Real=0.03s
[2021-09-05T22:42:56.110+0900][gc,start      ] GC(25) Pause Young (Normal) (G1 Evacuation Pause)
[2021-09-05T22:42:56.111+0900][gc,task       ] GC(25) Using 8 workers of 8 for evacuation
[2021-09-05T22:42:56.131+0900][gc,phases     ] GC(25)   Pre Evacuate Collection Set: 0.6ms
[2021-09-05T22:42:56.131+0900][gc,phases     ] GC(25)   Evacuate Collection Set: 18.2ms
[2021-09-05T22:42:56.131+0900][gc,phases     ] GC(25)   Post Evacuate Collection Set: 0.5ms
[2021-09-05T22:42:56.131+0900][gc,phases     ] GC(25)   Other: 1.4ms
[2021-09-05T22:42:56.131+0900][gc,heap       ] GC(25) Eden regions: 46->0(47)
[2021-09-05T22:42:56.131+0900][gc,heap       ] GC(25) Survivor regions: 5->4(7)
[2021-09-05T22:42:56.131+0900][gc,heap       ] GC(25) Old regions: 51->54
[2021-09-05T22:42:56.131+0900][gc,heap       ] GC(25) Humongous regions: 129->129
[2021-09-05T22:42:56.131+0900][gc,metaspace  ] GC(25) Metaspace: 50968K->50968K(1095680K)
[2021-09-05T22:42:56.131+0900][gc            ] GC(25) Pause Young (Normal) (G1 Evacuation Pause) 229M->185M(1024M) 21.060ms
[2021-09-05T22:42:56.131+0900][gc,cpu        ] GC(25) User=0.03s Sys=0.01s Real=0.02s
[2021-09-05T22:46:47.733+0900][gc,start      ] GC(26) Pause Young (Normal) (G1 Evacuation Pause)
[2021-09-05T22:46:47.735+0900][gc,task       ] GC(26) Using 8 workers of 8 for evacuation
[2021-09-05T22:46:47.749+0900][gc,phases     ] GC(26)   Pre Evacuate Collection Set: 1.3ms
[2021-09-05T22:46:47.749+0900][gc,phases     ] GC(26)   Evacuate Collection Set: 11.5ms
[2021-09-05T22:46:47.749+0900][gc,phases     ] GC(26)   Post Evacuate Collection Set: 0.7ms
[2021-09-05T22:46:47.749+0900][gc,phases     ] GC(26)   Other: 2.2ms
[2021-09-05T22:46:47.749+0900][gc,heap       ] GC(26) Eden regions: 47->0(50)
[2021-09-05T22:46:47.749+0900][gc,heap       ] GC(26) Survivor regions: 4->4(7)
[2021-09-05T22:46:47.749+0900][gc,heap       ] GC(26) Old regions: 54->54
[2021-09-05T22:46:47.749+0900][gc,heap       ] GC(26) Humongous regions: 129->129
[2021-09-05T22:46:47.749+0900][gc,metaspace  ] GC(26) Metaspace: 50971K->50971K(1095680K)
[2021-09-05T22:46:47.749+0900][gc            ] GC(26) Pause Young (Normal) (G1 Evacuation Pause) 232M->185M(1024M) 15.980ms
[2021-09-05T22:46:47.749+0900][gc,cpu        ] GC(26) User=0.03s Sys=0.01s Real=0.01s
[2021-09-05T22:50:56.087+0900][gc,start      ] GC(27) Pause Young (Normal) (G1 Evacuation Pause)
[2021-09-05T22:50:56.088+0900][gc,task       ] GC(27) Using 8 workers of 8 for evacuation
[2021-09-05T22:50:56.106+0900][gc,phases     ] GC(27)   Pre Evacuate Collection Set: 0.6ms
[2021-09-05T22:50:56.106+0900][gc,phases     ] GC(27)   Evacuate Collection Set: 16.8ms
[2021-09-05T22:50:56.106+0900][gc,phases     ] GC(27)   Post Evacuate Collection Set: 0.6ms
[2021-09-05T22:50:56.107+0900][gc,phases     ] GC(27)   Other: 1.4ms
[2021-09-05T22:50:56.107+0900][gc,heap       ] GC(27) Eden regions: 50->0(49)
[2021-09-05T22:50:56.107+0900][gc,heap       ] GC(27) Survivor regions: 4->7(7)
[2021-09-05T22:50:56.107+0900][gc,heap       ] GC(27) Old regions: 54->54
[2021-09-05T22:50:56.107+0900][gc,heap       ] GC(27) Humongous regions: 129->129
[2021-09-05T22:50:56.107+0900][gc,metaspace  ] GC(27) Metaspace: 51000K->51000K(1095680K)
[2021-09-05T22:50:56.107+0900][gc            ] GC(27) Pause Young (Normal) (G1 Evacuation Pause) 235M->189M(1024M) 19.809ms
[2021-09-05T22:50:56.107+0900][gc,cpu        ] GC(27) User=0.04s Sys=0.02s Real=0.02s
[2021-09-05T22:55:00.143+0900][gc,start      ] GC(28) Pause Young (Normal) (G1 Evacuation Pause)
[2021-09-05T22:55:00.145+0900][gc,task       ] GC(28) Using 8 workers of 8 for evacuation
[2021-09-05T22:55:00.170+0900][gc,mmu        ] GC(28) MMU target violated: 21.0ms (20.0ms/21.0ms)
[2021-09-05T22:55:00.170+0900][gc,phases     ] GC(28)   Pre Evacuate Collection Set: 0.8ms
[2021-09-05T22:55:00.170+0900][gc,phases     ] GC(28)   Evacuate Collection Set: 23.3ms
[2021-09-05T22:55:00.170+0900][gc,phases     ] GC(28)   Post Evacuate Collection Set: 0.6ms
[2021-09-05T22:55:00.170+0900][gc,phases     ] GC(28)   Other: 1.8ms
[2021-09-05T22:55:00.170+0900][gc,heap       ] GC(28) Eden regions: 49->0(49)
[2021-09-05T22:55:00.170+0900][gc,heap       ] GC(28) Survivor regions: 7->5(7)
[2021-09-05T22:55:00.170+0900][gc,heap       ] GC(28) Old regions: 54->59
[2021-09-05T22:55:00.170+0900][gc,heap       ] GC(28) Humongous regions: 129->129
[2021-09-05T22:55:00.170+0900][gc,metaspace  ] GC(28) Metaspace: 51013K->51013K(1095680K)
[2021-09-05T22:55:00.170+0900][gc            ] GC(28) Pause Young (Normal) (G1 Evacuation Pause) 238M->192M(1024M) 26.784ms
[2021-09-05T22:55:00.170+0900][gc,cpu        ] GC(28) User=0.07s Sys=0.04s Real=0.03s
[2021-09-05T22:59:05.265+0900][gc,start      ] GC(29) Pause Young (Normal) (G1 Evacuation Pause)
[2021-09-05T22:59:05.266+0900][gc,task       ] GC(29) Using 8 workers of 8 for evacuation
[2021-09-05T22:59:05.286+0900][gc,mmu        ] GC(29) MMU target violated: 20.2ms (20.0ms/21.0ms)
[2021-09-05T22:59:05.287+0900][gc,phases     ] GC(29)   Pre Evacuate Collection Set: 0.7ms
[2021-09-05T22:59:05.287+0900][gc,phases     ] GC(29)   Evacuate Collection Set: 18.4ms
[2021-09-05T22:59:05.287+0900][gc,phases     ] GC(29)   Post Evacuate Collection Set: 0.8ms
[2021-09-05T22:59:05.287+0900][gc,phases     ] GC(29)   Other: 2.2ms
[2021-09-05T22:59:05.287+0900][gc,heap       ] GC(29) Eden regions: 49->0(51)
[2021-09-05T22:59:05.287+0900][gc,heap       ] GC(29) Survivor regions: 5->4(7)
[2021-09-05T22:59:05.287+0900][gc,heap       ] GC(29) Old regions: 59->61
[2021-09-05T22:59:05.287+0900][gc,heap       ] GC(29) Humongous regions: 129->129
[2021-09-05T22:59:05.287+0900][gc,metaspace  ] GC(29) Metaspace: 51015K->51015K(1095680K)
[2021-09-05T22:59:05.287+0900][gc            ] GC(29) Pause Young (Normal) (G1 Evacuation Pause) 241M->193M(1024M) 22.222ms
[2021-09-05T22:59:05.287+0900][gc,cpu        ] GC(29) User=0.05s Sys=0.02s Real=0.02s
[2021-09-05T23:03:09.354+0900][gc,start      ] GC(30) Pause Young (Normal) (G1 Evacuation Pause)
[2021-09-05T23:03:09.355+0900][gc,task       ] GC(30) Using 8 workers of 8 for evacuation
[2021-09-05T23:03:09.378+0900][gc,mmu        ] GC(30) MMU target violated: 21.0ms (20.0ms/21.0ms)
[2021-09-05T23:03:09.378+0900][gc,phases     ] GC(30)   Pre Evacuate Collection Set: 0.6ms
[2021-09-05T23:03:09.378+0900][gc,phases     ] GC(30)   Evacuate Collection Set: 21.4ms
[2021-09-05T23:03:09.378+0900][gc,phases     ] GC(30)   Post Evacuate Collection Set: 0.5ms
[2021-09-05T23:03:09.378+0900][gc,phases     ] GC(30)   Other: 2.1ms
[2021-09-05T23:03:09.378+0900][gc,heap       ] GC(30) Eden regions: 49->0(44)
[2021-09-05T23:03:09.378+0900][gc,heap       ] GC(30) Survivor regions: 4->7(7)
[2021-09-05T23:03:09.378+0900][gc,heap       ] GC(30) Old regions: 61->61
[2021-09-05T23:03:09.378+0900][gc,heap       ] GC(30) Humongous regions: 129->129
[2021-09-05T23:03:09.378+0900][gc,metaspace  ] GC(30) Metaspace: 51015K->51015K(1095680K)
[2021-09-05T23:03:09.378+0900][gc            ] GC(30) Pause Young (Normal) (G1 Evacuation Pause) 242M->196M(1024M) 24.688ms
[2021-09-05T23:03:09.378+0900][gc,cpu        ] GC(30) User=0.04s Sys=0.03s Real=0.02s
[2021-09-05T23:06:48.032+0900][gc,start      ] GC(31) Pause Young (Normal) (G1 Evacuation Pause)
[2021-09-05T23:06:48.033+0900][gc,task       ] GC(31) Using 8 workers of 8 for evacuation
[2021-09-05T23:06:48.052+0900][gc,phases     ] GC(31)   Pre Evacuate Collection Set: 1.3ms
[2021-09-05T23:06:48.052+0900][gc,phases     ] GC(31)   Evacuate Collection Set: 16.3ms
[2021-09-05T23:06:48.052+0900][gc,phases     ] GC(31)   Post Evacuate Collection Set: 0.5ms
[2021-09-05T23:06:48.052+0900][gc,phases     ] GC(31)   Other: 1.8ms
[2021-09-05T23:06:48.052+0900][gc,heap       ] GC(31) Eden regions: 44->0(53)
[2021-09-05T23:06:48.052+0900][gc,heap       ] GC(31) Survivor regions: 7->3(7)
[2021-09-05T23:06:48.052+0900][gc,heap       ] GC(31) Old regions: 61->66
[2021-09-05T23:06:48.052+0900][gc,heap       ] GC(31) Humongous regions: 129->129
[2021-09-05T23:06:48.052+0900][gc,metaspace  ] GC(31) Metaspace: 51040K->51040K(1095680K)
[2021-09-05T23:06:48.052+0900][gc            ] GC(31) Pause Young (Normal) (G1 Evacuation Pause) 240M->197M(1024M) 20.128ms
[2021-09-05T23:06:48.052+0900][gc,cpu        ] GC(31) User=0.04s Sys=0.02s Real=0.02s
[2021-09-05T23:11:11.480+0900][gc,start      ] GC(32) Pause Young (Normal) (G1 Evacuation Pause)
[2021-09-05T23:11:11.481+0900][gc,task       ] GC(32) Using 8 workers of 8 for evacuation
[2021-09-05T23:11:11.510+0900][gc,mmu        ] GC(32) MMU target violated: 21.0ms (20.0ms/21.0ms)
[2021-09-05T23:11:11.510+0900][gc,phases     ] GC(32)   Pre Evacuate Collection Set: 0.8ms
[2021-09-05T23:11:11.510+0900][gc,phases     ] GC(32)   Evacuate Collection Set: 27.5ms
[2021-09-05T23:11:11.510+0900][gc,phases     ] GC(32)   Post Evacuate Collection Set: 0.4ms
[2021-09-05T23:11:11.510+0900][gc,phases     ] GC(32)   Other: 1.1ms
[2021-09-05T23:11:11.510+0900][gc,heap       ] GC(32) Eden regions: 53->0(44)
[2021-09-05T23:11:11.510+0900][gc,heap       ] GC(32) Survivor regions: 3->7(7)
[2021-09-05T23:11:11.510+0900][gc,heap       ] GC(32) Old regions: 66->66
[2021-09-05T23:11:11.510+0900][gc,heap       ] GC(32) Humongous regions: 129->129
[2021-09-05T23:11:11.510+0900][gc,metaspace  ] GC(32) Metaspace: 51043K->51043K(1095680K)
[2021-09-05T23:11:11.511+0900][gc            ] GC(32) Pause Young (Normal) (G1 Evacuation Pause) 250M->201M(1024M) 29.865ms
[2021-09-05T23:11:11.511+0900][gc,cpu        ] GC(32) User=0.04s Sys=0.04s Real=0.03s
[2021-09-05T23:14:50.401+0900][gc,start      ] GC(33) Pause Young (Normal) (G1 Evacuation Pause)
[2021-09-05T23:14:50.402+0900][gc,task       ] GC(33) Using 8 workers of 8 for evacuation
[2021-09-05T23:14:50.423+0900][gc,mmu        ] GC(33) MMU target violated: 20.1ms (20.0ms/21.0ms)
[2021-09-05T23:14:50.423+0900][gc,phases     ] GC(33)   Pre Evacuate Collection Set: 0.6ms
[2021-09-05T23:14:50.423+0900][gc,phases     ] GC(33)   Evacuate Collection Set: 18.7ms
[2021-09-05T23:14:50.423+0900][gc,phases     ] GC(33)   Post Evacuate Collection Set: 0.6ms
[2021-09-05T23:14:50.423+0900][gc,phases     ] GC(33)   Other: 1.8ms
[2021-09-05T23:14:50.423+0900][gc,heap       ] GC(33) Eden regions: 44->0(53)
[2021-09-05T23:14:50.423+0900][gc,heap       ] GC(33) Survivor regions: 7->3(7)
[2021-09-05T23:14:50.423+0900][gc,heap       ] GC(33) Old regions: 66->70
[2021-09-05T23:14:50.423+0900][gc,heap       ] GC(33) Humongous regions: 129->129
[2021-09-05T23:14:50.423+0900][gc,metaspace  ] GC(33) Metaspace: 51064K->51064K(1095680K)
[2021-09-05T23:14:50.423+0900][gc            ] GC(33) Pause Young (Normal) (G1 Evacuation Pause) 245M->201M(1024M) 21.748ms
[2021-09-05T23:14:50.423+0900][gc,cpu        ] GC(33) User=0.04s Sys=0.02s Real=0.02s
[2021-09-05T23:19:13.118+0900][gc,start      ] GC(34) Pause Young (Normal) (G1 Evacuation Pause)
[2021-09-05T23:19:13.119+0900][gc,task       ] GC(34) Using 8 workers of 8 for evacuation
[2021-09-05T23:19:13.143+0900][gc,mmu        ] GC(34) MMU target violated: 21.0ms (20.0ms/21.0ms)
[2021-09-05T23:19:13.143+0900][gc,phases     ] GC(34)   Pre Evacuate Collection Set: 1.6ms
[2021-09-05T23:19:13.143+0900][gc,phases     ] GC(34)   Evacuate Collection Set: 20.6ms
[2021-09-05T23:19:13.143+0900][gc,phases     ] GC(34)   Post Evacuate Collection Set: 0.7ms
[2021-09-05T23:19:13.143+0900][gc,phases     ] GC(34)   Other: 2.5ms
[2021-09-05T23:19:13.143+0900][gc,heap       ] GC(34) Eden regions: 53->0(49)
[2021-09-05T23:19:13.143+0900][gc,heap       ] GC(34) Survivor regions: 3->7(7)
[2021-09-05T23:19:13.143+0900][gc,heap       ] GC(34) Old regions: 70->70
[2021-09-05T23:19:13.143+0900][gc,heap       ] GC(34) Humongous regions: 129->129
[2021-09-05T23:19:13.143+0900][gc,metaspace  ] GC(34) Metaspace: 51065K->51065K(1095680K)
[2021-09-05T23:19:13.143+0900][gc            ] GC(34) Pause Young (Normal) (G1 Evacuation Pause) 254M->204M(1024M) 25.478ms
[2021-09-05T23:19:13.143+0900][gc,cpu        ] GC(34) User=0.06s Sys=0.03s Real=0.03s
[2021-09-05T23:23:03.454+0900][gc,start      ] GC(35) Pause Young (Normal) (G1 Evacuation Pause)
[2021-09-05T23:23:03.455+0900][gc,task       ] GC(35) Using 8 workers of 8 for evacuation
[2021-09-05T23:23:03.475+0900][gc,phases     ] GC(35)   Pre Evacuate Collection Set: 0.2ms
[2021-09-05T23:23:03.475+0900][gc,phases     ] GC(35)   Evacuate Collection Set: 18.1ms
[2021-09-05T23:23:03.475+0900][gc,phases     ] GC(35)   Post Evacuate Collection Set: 0.4ms
[2021-09-05T23:23:03.475+0900][gc,phases     ] GC(35)   Other: 1.8ms
[2021-09-05T23:23:03.475+0900][gc,heap       ] GC(35) Eden regions: 46->0(51)
[2021-09-05T23:23:03.475+0900][gc,heap       ] GC(35) Survivor regions: 7->6(7)
[2021-09-05T23:23:03.475+0900][gc,heap       ] GC(35) Old regions: 70->75
[2021-09-05T23:23:03.475+0900][gc,heap       ] GC(35) Humongous regions: 129->129
[2021-09-05T23:23:03.475+0900][gc,metaspace  ] GC(35) Metaspace: 51065K->51065K(1095680K)
[2021-09-05T23:23:03.475+0900][gc            ] GC(35) Pause Young (Normal) (G1 Evacuation Pause) 250M->208M(1024M) 20.711ms
[2021-09-05T23:23:03.475+0900][gc,cpu        ] GC(35) User=0.07s Sys=0.01s Real=0.02s
[2021-09-05T23:27:17.407+0900][gc,start      ] GC(36) Pause Young (Normal) (G1 Evacuation Pause)
[2021-09-05T23:27:17.407+0900][gc,task       ] GC(36) Using 8 workers of 8 for evacuation
[2021-09-05T23:27:17.425+0900][gc,phases     ] GC(36)   Pre Evacuate Collection Set: 0.2ms
[2021-09-05T23:27:17.425+0900][gc,phases     ] GC(36)   Evacuate Collection Set: 15.9ms
[2021-09-05T23:27:17.425+0900][gc,phases     ] GC(36)   Post Evacuate Collection Set: 0.4ms
[2021-09-05T23:27:17.426+0900][gc,phases     ] GC(36)   Other: 2.1ms
[2021-09-05T23:27:17.426+0900][gc,heap       ] GC(36) Eden regions: 51->0(59)
[2021-09-05T23:27:17.426+0900][gc,heap       ] GC(36) Survivor regions: 6->4(8)
[2021-09-05T23:27:17.426+0900][gc,heap       ] GC(36) Old regions: 75->77
[2021-09-05T23:27:17.426+0900][gc,heap       ] GC(36) Humongous regions: 129->129
[2021-09-05T23:27:17.426+0900][gc,metaspace  ] GC(36) Metaspace: 51066K->51066K(1095680K)
[2021-09-05T23:27:17.426+0900][gc            ] GC(36) Pause Young (Normal) (G1 Evacuation Pause) 259M->209M(1024M) 18.747ms
[2021-09-05T23:27:17.426+0900][gc,cpu        ] GC(36) User=0.06s Sys=0.01s Real=0.02s
[2021-09-05T23:32:10.146+0900][gc,start      ] GC(37) Pause Young (Normal) (G1 Evacuation Pause)
[2021-09-05T23:32:10.148+0900][gc,task       ] GC(37) Using 8 workers of 8 for evacuation
[2021-09-05T23:32:10.164+0900][gc,phases     ] GC(37)   Pre Evacuate Collection Set: 1.1ms
[2021-09-05T23:32:10.164+0900][gc,phases     ] GC(37)   Evacuate Collection Set: 14.5ms
[2021-09-05T23:32:10.165+0900][gc,phases     ] GC(37)   Post Evacuate Collection Set: 0.6ms
[2021-09-05T23:32:10.165+0900][gc,phases     ] GC(37)   Other: 2.0ms
[2021-09-05T23:32:10.165+0900][gc,heap       ] GC(37) Eden regions: 59->0(59)
[2021-09-05T23:32:10.165+0900][gc,heap       ] GC(37) Survivor regions: 4->6(8)
[2021-09-05T23:32:10.165+0900][gc,heap       ] GC(37) Old regions: 77->77
[2021-09-05T23:32:10.165+0900][gc,heap       ] GC(37) Humongous regions: 129->129
[2021-09-05T23:32:10.165+0900][gc,metaspace  ] GC(37) Metaspace: 51067K->51067K(1095680K)
[2021-09-05T23:32:10.165+0900][gc            ] GC(37) Pause Young (Normal) (G1 Evacuation Pause) 268M->211M(1024M) 18.423ms
[2021-09-05T23:32:10.165+0900][gc,cpu        ] GC(37) User=0.04s Sys=0.02s Real=0.02s
[2021-09-05T23:37:05.765+0900][gc,start      ] GC(38) Pause Young (Normal) (G1 Evacuation Pause)
[2021-09-05T23:37:05.766+0900][gc,task       ] GC(38) Using 8 workers of 8 for evacuation
[2021-09-05T23:37:05.785+0900][gc,phases     ] GC(38)   Pre Evacuate Collection Set: 0.3ms
[2021-09-05T23:37:05.785+0900][gc,phases     ] GC(38)   Evacuate Collection Set: 18.1ms
[2021-09-05T23:37:05.785+0900][gc,phases     ] GC(38)   Post Evacuate Collection Set: 0.7ms
[2021-09-05T23:37:05.786+0900][gc,phases     ] GC(38)   Other: 1.5ms
[2021-09-05T23:37:05.786+0900][gc,heap       ] GC(38) Eden regions: 59->0(59)
[2021-09-05T23:37:05.786+0900][gc,heap       ] GC(38) Survivor regions: 6->9(9)
[2021-09-05T23:37:05.786+0900][gc,heap       ] GC(38) Old regions: 77->79
[2021-09-05T23:37:05.786+0900][gc,heap       ] GC(38) Humongous regions: 129->129
[2021-09-05T23:37:05.786+0900][gc,metaspace  ] GC(38) Metaspace: 51068K->51068K(1095680K)
[2021-09-05T23:37:05.786+0900][gc            ] GC(38) Pause Young (Normal) (G1 Evacuation Pause) 270M->215M(1024M) 20.727ms
[2021-09-05T23:37:05.786+0900][gc,cpu        ] GC(38) User=0.06s Sys=0.02s Real=0.02s
