[2021-09-05T10:19:15.496-0900][gc,heap] Heap region size: 1M
[2021-09-05T10:19:15.497-0900][gc,heap,coops] Heap address: 0x00000007e0000000, size: 512 MB, Compressed Oops mode: Zero based, Oop shift amount: 3
[2021-09-05T10:19:15.500-0900][gc           ] Using G1
[2021-09-05T10:19:15.500-0900][gc,cds       ] Mark closed archive regions in map: [0x00000007fff00000, 0x00000007fff7bff8]
[2021-09-05T10:19:15.500-0900][gc,cds       ] Mark open archive regions in map: [0x00000007ffe00000, 0x00000007ffe51ff8]
[2021-09-05T10:19:15.521-0900][gc           ] Periodic GC disabled
[2021-09-05T10:20:15.149-0900][gc,start     ] GC(0) Pause Young (Normal) (G1 Evacuation Pause)
[2021-09-05T10:20:15.150-0900][gc,task      ] GC(0) Using 8 workers of 8 for evacuation
[2021-09-05T10:20:15.161-0900][gc,phases    ] GC(0)   Pre Evacuate Collection Set: 0.2ms
[2021-09-05T10:20:15.161-0900][gc,phases    ] GC(0)   Merge Heap Roots: 0.0ms
[2021-09-05T10:20:15.161-0900][gc,phases    ] GC(0)   Evacuate Collection Set: 10.6ms
[2021-09-05T10:20:15.161-0900][gc,phases    ] GC(0)   Post Evacuate Collection Set: 0.4ms
[2021-09-05T10:20:15.161-0900][gc,phases    ] GC(0)   Other: 0.7ms
[2021-09-05T10:20:15.161-0900][gc,heap      ] GC(0) Eden regions: 25->0(21)
[2021-09-05T10:20:15.161-0900][gc,heap      ] GC(0) Survivor regions: 0->4(4)
[2021-09-05T10:20:15.161-0900][gc,heap      ] GC(0) Old regions: 0->2
[2021-09-05T10:20:15.161-0900][gc,heap      ] GC(0) Archive regions: 2->2
[2021-09-05T10:20:15.161-0900][gc,heap      ] GC(0) Humongous regions: 0->0
[2021-09-05T10:20:15.161-0900][gc,metaspace ] GC(0) Metaspace: 7317K(7936K)->7317K(7936K) NonClass: 6472K(6912K)->6472K(6912K) Class: 844K(1024K)->844K(1024K)
[2021-09-05T10:20:15.161-0900][gc           ] GC(0) Pause Young (Normal) (G1 Evacuation Pause) 25M->6M(512M) 12.090ms
[2021-09-05T10:20:15.161-0900][gc,cpu       ] GC(0) User=0.01s Sys=0.02s Real=0.02s
